Archive member included because of file (symbol)

c:/altera/13.0sp1/nios2eds/bin/gnu/h-i686-mingw32/bin/../lib/gcc/nios2-elf/4.1.2\libgcc.a(_addsub_sf.o)
                              obj/default/jpeg/jfdctflt.o (__subsf3)
c:/altera/13.0sp1/nios2eds/bin/gnu/h-i686-mingw32/bin/../lib/gcc/nios2-elf/4.1.2\libgcc.a(_mul_sf.o)
                              obj/default/hello_world.o (__mulsf3)
c:/altera/13.0sp1/nios2eds/bin/gnu/h-i686-mingw32/bin/../lib/gcc/nios2-elf/4.1.2\libgcc.a(_div_sf.o)
                              obj/default/hello_world.o (__divsf3)
c:/altera/13.0sp1/nios2eds/bin/gnu/h-i686-mingw32/bin/../lib/gcc/nios2-elf/4.1.2\libgcc.a(_gt_sf.o)
                              obj/default/hello_world.o (__gtsf2)
c:/altera/13.0sp1/nios2eds/bin/gnu/h-i686-mingw32/bin/../lib/gcc/nios2-elf/4.1.2\libgcc.a(_ge_sf.o)
                              obj/default/hello_world.o (__gesf2)
c:/altera/13.0sp1/nios2eds/bin/gnu/h-i686-mingw32/bin/../lib/gcc/nios2-elf/4.1.2\libgcc.a(_lt_sf.o)
                              obj/default/hello_world.o (__ltsf2)
c:/altera/13.0sp1/nios2eds/bin/gnu/h-i686-mingw32/bin/../lib/gcc/nios2-elf/4.1.2\libgcc.a(_si_to_sf.o)
                              obj/default/hello_world.o (__floatsisf)
c:/altera/13.0sp1/nios2eds/bin/gnu/h-i686-mingw32/bin/../lib/gcc/nios2-elf/4.1.2\libgcc.a(_sf_to_si.o)
                              obj/default/hello_world.o (__fixsfsi)
c:/altera/13.0sp1/nios2eds/bin/gnu/h-i686-mingw32/bin/../lib/gcc/nios2-elf/4.1.2\libgcc.a(_thenan_sf.o)
                              c:/altera/13.0sp1/nios2eds/bin/gnu/h-i686-mingw32/bin/../lib/gcc/nios2-elf/4.1.2\libgcc.a(_addsub_sf.o) (__thenan_sf)
c:/altera/13.0sp1/nios2eds/bin/gnu/h-i686-mingw32/bin/../lib/gcc/nios2-elf/4.1.2\libgcc.a(_usi_to_sf.o)
                              obj/default/hello_world.o (__floatunsisf)
c:/altera/13.0sp1/nios2eds/bin/gnu/h-i686-mingw32/bin/../lib/gcc/nios2-elf/4.1.2\libgcc.a(_mul_df.o)
                              obj/default/jpeg/jddctmgr.o (__muldf3)
c:/altera/13.0sp1/nios2eds/bin/gnu/h-i686-mingw32/bin/../lib/gcc/nios2-elf/4.1.2\libgcc.a(_df_to_sf.o)
                              obj/default/jpeg/jddctmgr.o (__truncdfsf2)
c:/altera/13.0sp1/nios2eds/bin/gnu/h-i686-mingw32/bin/../lib/gcc/nios2-elf/4.1.2\libgcc.a(_thenan_df.o)
                              c:/altera/13.0sp1/nios2eds/bin/gnu/h-i686-mingw32/bin/../lib/gcc/nios2-elf/4.1.2\libgcc.a(_mul_df.o) (__thenan_df)
c:/altera/13.0sp1/nios2eds/bin/gnu/h-i686-mingw32/bin/../lib/gcc/nios2-elf/4.1.2\libgcc.a(_usi_to_df.o)
                              obj/default/jpeg/jddctmgr.o (__floatunsidf)
c:/altera/13.0sp1/nios2eds/bin/gnu/h-i686-mingw32/bin/../lib/gcc/nios2-elf/4.1.2\libgcc.a(lib2-divmod.o)
                              obj/default/alt_touchscreen.o (__divsi3)
c:/altera/13.0sp1/nios2eds/bin/gnu/h-i686-mingw32/bin/../lib/gcc/nios2-elf/4.1.2\libgcc.a(_muldi3.o)
                              c:/altera/13.0sp1/nios2eds/bin/gnu/h-i686-mingw32/bin/../lib/gcc/nios2-elf/4.1.2\libgcc.a(_mul_sf.o) (__muldi3)
c:/altera/13.0sp1/nios2eds/bin/gnu/h-i686-mingw32/bin/../lib/gcc/nios2-elf/4.1.2\libgcc.a(_clzsi2.o)
                              c:/altera/13.0sp1/nios2eds/bin/gnu/h-i686-mingw32/bin/../lib/gcc/nios2-elf/4.1.2\libgcc.a(_si_to_sf.o) (__clzsi2)
c:/altera/13.0sp1/nios2eds/bin/gnu/h-i686-mingw32/bin/../lib/gcc/nios2-elf/4.1.2\libgcc.a(_pack_sf.o)
                              c:/altera/13.0sp1/nios2eds/bin/gnu/h-i686-mingw32/bin/../lib/gcc/nios2-elf/4.1.2\libgcc.a(_addsub_sf.o) (__pack_f)
c:/altera/13.0sp1/nios2eds/bin/gnu/h-i686-mingw32/bin/../lib/gcc/nios2-elf/4.1.2\libgcc.a(_unpack_sf.o)
                              c:/altera/13.0sp1/nios2eds/bin/gnu/h-i686-mingw32/bin/../lib/gcc/nios2-elf/4.1.2\libgcc.a(_addsub_sf.o) (__unpack_f)
c:/altera/13.0sp1/nios2eds/bin/gnu/h-i686-mingw32/bin/../lib/gcc/nios2-elf/4.1.2\libgcc.a(_fpcmp_parts_sf.o)
                              c:/altera/13.0sp1/nios2eds/bin/gnu/h-i686-mingw32/bin/../lib/gcc/nios2-elf/4.1.2\libgcc.a(_gt_sf.o) (__fpcmp_parts_f)
c:/altera/13.0sp1/nios2eds/bin/gnu/h-i686-mingw32/bin/../lib/gcc/nios2-elf/4.1.2\libgcc.a(_make_sf.o)
                              c:/altera/13.0sp1/nios2eds/bin/gnu/h-i686-mingw32/bin/../lib/gcc/nios2-elf/4.1.2\libgcc.a(_df_to_sf.o) (__make_fp)
c:/altera/13.0sp1/nios2eds/bin/gnu/h-i686-mingw32/bin/../lib/gcc/nios2-elf/4.1.2\libgcc.a(_pack_df.o)
                              c:/altera/13.0sp1/nios2eds/bin/gnu/h-i686-mingw32/bin/../lib/gcc/nios2-elf/4.1.2\libgcc.a(_mul_df.o) (__pack_d)
c:/altera/13.0sp1/nios2eds/bin/gnu/h-i686-mingw32/bin/../lib/gcc/nios2-elf/4.1.2\libgcc.a(_unpack_df.o)
                              c:/altera/13.0sp1/nios2eds/bin/gnu/h-i686-mingw32/bin/../lib/gcc/nios2-elf/4.1.2\libgcc.a(_mul_df.o) (__unpack_d)
c:/altera/13.0sp1/nios2eds/bin/gnu/h-i686-mingw32/bin/../lib/gcc/nios2-elf/4.1.2\libgcc.a(_clz.o)
[...]
Memory Configuration

Name             Origin             Length             Attributes
sdram            0x00000000         0x08000000
sd_card_controller 0x08000000         0x00000400
reset            0x09800000         0x00000020
cfi_flash        0x09800020         0x007fffe0
sram_BEFORE_EXCEPTION 0x0a200000         0x00000020
sram             0x0a200020         0x001fffe0
descriptor_mem   0x0a400000         0x00010000
*default*        0x00000000         0xffffffff

Linker script and memory map

LOAD ../trialwithsdddd_bsp//obj/HAL/src/crt0.o
LOAD obj/default/alt_touchscreen.o
LOAD obj/default/alt_tpo_lcd/alt_tpo_lcd.o
LOAD obj/default/alt_video_display.o
LOAD obj/default/fonts/tahomabold_20.o
LOAD obj/default/fonts/tahomabold_32.o
LOAD obj/default/graphics_lib/simple_graphics.o
LOAD obj/default/graphics_lib/simple_text.o
LOAD obj/default/hello_world.o
LOAD obj/default/jpeg/cdjpeg.o
LOAD obj/default/jpeg/jcomapi.o
LOAD obj/default/jpeg/jdapimin.o
LOAD obj/default/jpeg/jdapistd.o
LOAD obj/default/jpeg/jdatasrc.o
LOAD obj/default/jpeg/jdcoefct.o
LOAD obj/default/jpeg/jdcolor.o
LOAD obj/default/jpeg/jddctmgr.o
LOAD obj/default/jpeg/jdhuff.o
LOAD obj/default/jpeg/jdinput.o
LOAD obj/default/jpeg/jdmainct.o
LOAD obj/default/jpeg/jdmarker.o
LOAD obj/default/jpeg/jdmaster.o
LOAD obj/default/jpeg/jdmerge.o
LOAD obj/default/jpeg/jdphuff.o
LOAD obj/default/jpeg/jdpostct.o
LOAD obj/default/jpeg/jdsample.o
LOAD obj/default/jpeg/jerror.o
LOAD obj/default/jpeg/jfdctflt.o
LOAD obj/default/jpeg/jfdctfst.o
LOAD obj/default/jpeg/jfdctint.o
LOAD obj/default/jpeg/jidctflt.o
LOAD obj/default/jpeg/jidctfst.o
LOAD obj/default/jpeg/jidctint.o
LOAD obj/default/jpeg/jidctred.o
LOAD obj/default/jpeg/jmemmgr.o
LOAD obj/default/jpeg/jmemnobs.o
LOAD obj/default/jpeg/jquant1.o
LOAD obj/default/jpeg/jquant2.o
LOAD obj/default/jpeg/jutils.o
LOAD obj/default/jpeg/rdcolmap.o
LOAD obj/default/touch_spi.o
LOAD c:/altera/13.0sp1/nios2eds/bin/gnu/h-i686-mingw32/bin/../lib/gcc/nios2-elf/4.1.2/../../../../nios2-elf/lib\libstdc++.a
LOAD c:/altera/13.0sp1/nios2eds/bin/gnu/h-i686-mingw32/bin/../lib/gcc/nios2-elf/4.1.2/../../../../nios2-elf/lib\libm.a
LOAD c:/altera/13.0sp1/nios2eds/bin/gnu/h-i686-mingw32/bin/../lib/gcc/nios2-elf/4.1.2\libgcc.a
START GROUP
LOAD c:/altera/13.0sp1/nios2eds/bin/gnu/h-i686-mingw32/bin/../lib/gcc/nios2-elf/4.1.2/../../../../nios2-elf/lib\libc.a
LOAD c:/altera/13.0sp1/nios2eds/bin/gnu/h-i686-mingw32/bin/../lib/gcc/nios2-elf/4.1.2\libgcc.a
LOAD ../trialwithsdddd_bsp/\libhal_bsp.a
END GROUP
LOAD c:/altera/13.0sp1/nios2eds/bin/gnu/h-i686-mingw32/bin/../lib/gcc/nios2-elf/4.1.2\libgcc.a
                0x00000000                __alt_mem_sdram = 0x0
                0x08000000                __alt_mem_sd_card_controller = 0x8000000
                0x09800000                __alt_mem_cfi_flash = 0x9800000
                0x0a200000                __alt_mem_sram = 0xa200000
                0x0a400000                __alt_mem_descriptor_mem = 0xa400000

.entry          0x09800000        0x0
 *(.entry)
 .entry         0x09800000        0x0 ../trialwithsdddd_bsp//obj/HAL/src/crt0.o
                0x09800000                __reset

.exceptions     0x0a200020      0x194
                0x0a200020                PROVIDE (__ram_exceptions_start, ABSOLUTE (.))
                0x0a200020                . = ALIGN (0x20)
 *(.irq)
 *(.exceptions.entry.label)
 .exceptions.entry.label
                0x0a200020        0x0 ../trialwithsdddd_bsp/\libhal_bsp.a(alt_irq_entry.o)
                0x0a200020                alt_irq_entry
 .exceptions.entry.label
                0x0a200020        0x0 ../trialwithsdddd_bsp/\libhal_bsp.a(alt_exception_entry.o)
                0x0a200020                alt_exception
 *(.exceptions.entry.user)
 *(.exceptions.entry)
 .exceptions.entry
                0x0a200020       0x54 ../trialwithsdddd_bsp/\libhal_bsp.a(alt_exception_entry.o)
 *(.exceptions.irqtest.user)
 *(.exceptions.irqtest)
 .exceptions.irqtest
                0x0a200074       0x10 ../trialwithsdddd_bsp/\libhal_bsp.a(alt_irq_entry.o)
 *(.exceptions.irqhandler.user)
 *(.exceptions.irqhandler)
 .exceptions.irqhandler
                0x0a200084        0x4 ../trialwithsdddd_bsp/\libhal_bsp.a(alt_irq_entry.o)
 *(.exceptions.irqreturn.user)
 *(.exceptions.irqreturn)
 .exceptions.irqreturn
                0x0a200088        0x4 ../trialwithsdddd_bsp/\libhal_bsp.a(alt_irq_entry.o)
 *(.exceptions.notirq.label)
 .exceptions.notirq.label
                0x0a20008c        0x0 ../trialwithsdddd_bsp/\libhal_bsp.a(alt_irq_entry.o)
 *(.exceptions.notirq.user)
 *(.exceptions.notirq)
 .exceptions.notirq
                0x0a20008c        0x8 ../trialwithsdddd_bsp/\libhal_bsp.a(alt_exception_entry.o)
 *(.exceptions.soft.user)
 *(.exceptions.soft)
 *(.exceptions.unknown.user)
 *(.exceptions.unknown)
 .exceptions.unknown
                0x0a200094        0x4 ../trialwithsdddd_bsp/\libhal_bsp.a(alt_exception_entry.o)
 *(.exceptions.exit.label)
 .exceptions.exit.label
                0x0a200098        0x0 ../trialwithsdddd_bsp/\libhal_bsp.a(alt_irq_entry.o)
 .exceptions.exit.label
                0x0a200098        0x0 ../trialwithsdddd_bsp/\libhal_bsp.a(alt_exception_entry.o)
 *(.exceptions.exit.user)
 *(.exceptions.exit)
 .exceptions.exit
                0x0a200098       0x54 ../trialwithsdddd_bsp/\libhal_bsp.a(alt_exception_entry.o)
 *(.exceptions)
 .exceptions    0x0a2000ec       0xc8 ../trialwithsdddd_bsp/\libhal_bsp.a(alt_irq_handler.o)
                0x0a2000ec                alt_irq_handler
                0x0a2001b4                PROVIDE (__ram_exceptions_end, ABSOLUTE (.))
                0x0a200020                PROVIDE (__flash_exceptions_start, LOADADDR (.exceptions))

.text           0x00000000    0x45360
                0x00000000                PROVIDE (stext, ABSOLUTE (.))
 *(.interp)
 *(.hash)
 *(.dynsym)
 *(.dynstr)
 *(.gnu.version)
 *(.gnu.version_d)
 *(.gnu.version_r)
 *(.rel.init)
 *(.rela.init)
 *(.rel.text .rel.text.* .rel.gnu.linkonce.t.*)
 *(.rela.text .rela.text.* .rela.gnu.linkonce.t.*)
 *(.rel.fini)
 *(.rela.fini)
 *(.rel.rodata .rel.rodata.* .rel.gnu.linkonce.r.*)
 *(.rela.rodata .rela.rodata.* .rela.gnu.linkonce.r.*)
 *(.rel.data .rel.data.* .rel.gnu.linkonce.d.*)
 *(.rela.data .rela.data.* .rela.gnu.linkonce.d.*)
 *(.rel.tdata .rel.tdata.* .rel.gnu.linkonce.td.*)
 *(.rela.tdata .rela.tdata.* .rela.gnu.linkonce.td.*)
 *(.rel.tbss .rel.tbss.* .rel.gnu.linkonce.tb.*)
 *(.rela.tbss .rela.tbss.* .rela.gnu.linkonce.tb.*)
 *(.rel.ctors)
 *(.rela.ctors)
 *(.rel.dtors)
 *(.rela.dtors)
 *(.rel.got)
 *(.rela.got)
 *(.rel.sdata .rel.sdata.* .rel.gnu.linkonce.s.*)
 *(.rela.sdata .rela.sdata.* .rela.gnu.linkonce.s.*)
 *(.rel.sbss .rel.sbss.* .rel.gnu.linkonce.sb.*)
 *(.rela.sbss .rela.sbss.* .rela.gnu.linkonce.sb.*)
 *(.rel.sdata2 .rel.sdata2.* .rel.gnu.linkonce.s2.*)
 *(.rela.sdata2 .rela.sdata2.* .rela.gnu.linkonce.s2.*)
 *(.rel.sbss2 .rel.sbss2.* .rel.gnu.linkonce.sb2.*)
 *(.rela.sbss2 .rela.sbss2.* .rela.gnu.linkonce.sb2.*)
 *(.rel.bss .rel.bss.* .rel.gnu.linkonce.b.*)
 *(.rela.bss .rela.bss.* .rela.gnu.linkonce.b.*)
 *(.rel.plt)
 *(.rela.plt)
 *(.rel.dyn)
 *(.init)
 *(.plt)
 *(.text .stub .text.* .gnu.linkonce.t.*)
 .text          0x00000000       0x48 ../trialwithsdddd_bsp//obj/HAL/src/crt0.o
                0x00000000                _start
 .text          0x00000048     0x1450 obj/default/alt_touchscreen.o
                0x000010a8                alt_touchscreen_get_pen
                0x00001148                alt_touchscreen_stop
                0x00001190                alt_touchscreen_register_callback_func
                0x000011dc                alt_touchscreen_event_loop_update
                0x00001230                alt_touchscreen_init
                0x000013f0                alt_touchscreen_calibrate_upper_right
                0x00001444                alt_touchscreen_calibrate_lower_left
 .text          0x00001498      0x804 obj/default/alt_tpo_lcd/alt_tpo_lcd.o
                0x00001498                alt_tpo_lcd_prepare_serial_bus
                0x00001514                alt_tpo_lcd_cleanup_serial_bus
                0x0000157c                alt_tpo_lcd_write_serial_bits
                0x0000161c                alt_tpo_lcd_read_serial_byte
                0x00001760                alt_tpo_lcd_read_config_register
                0x000017ec                alt_tpo_lcd_write_config_register
                0x0000188c                alt_tpo_lcd_init
 .text          0x00001c9c      0xa5c obj/default/alt_video_display.o
                0x00001c9c                alt_video_display_init
                0x00001f88                alt_video_display_close
                0x00002070                alt_video_display_register_written_buffer
                0x000021c8                alt_video_display_buffer_is_available
                0x000022c0                alt_video_display_clear_screen
                0x00002324                alt_video_display_setup_frame_descriptors
                0x000024b4                alt_video_display_get_descriptor_span
                0x000024e4                alt_video_display_allocate_buffers
 .text          0x000026f8        0x0 obj/default/fonts/tahomabold_20.o
 .text          0x000026f8        0x0 obj/default/fonts/tahomabold_32.o
 .text          0x000026f8     0x2e80 obj/default/graphics_lib/simple_graphics.o
                0x000026f8                vid_draw_line
                0x000027b4                vid_scroll_string_quit
                0x000027f0                vid_scroll_string_init
                0x0000293c                vid_scroll_string
                0x00002cf4                vid_move_block
                0x00002e10                vid_print_string
                0x00002f24                vid_draw_box
                0x00003060                vid_print_char
                0x00003148                vid_set_pixel
                0x00003308                vid_get_pixel
                0x00003390                vid_paint_block
                0x0000361c                vid_draw_horiz_line
                0x00003948                vid_merge_colors
                0x00003994                vid_color_convert24_16
                0x00003a34                vid_color_convert16_24
                0x00003a9c                vid_copy_line_to_frame_buffer
                0x00003d74                vid_draw_sloped_line
                0x00003ff0                vid_draw_circle
                0x0000415c                vid_draw_round_corner_box
                0x00004528                vid_round_corner_points
                0x00004bb0                max3
                0x00004c04                min3
                0x00004c58                max_diff3
                0x00004cbc                vid_put_pixel_in_span_map
                0x00004dc8                vid_bres_scan_edges
                0x00005028                vid_draw_triangle
                0x00005370                CopyImage16
                0x0000544c                CropImage16
 .text          0x00005578      0xcc0 obj/default/graphics_lib/simple_text.o
                0x00005578                vid_print_string_alpha
                0x000057f0                seperate_color_channels
                0x00005944                merge_color_channels
                0x00005a9c                read_from_frame
                0x00005d04                alpha_blending
                0x00005f98                vid_print_char_alpha
                0x00006144                vid_string_pixel_length_alpha
 .text          0x00006238     0x21b0 obj/default/hello_world.o
                0x00006238                file_browser_window
                0x000064e4                jpeg_decode
                0x00007f48                write_buffer
                0x00008020                main
 .text          0x000083e8      0x1d8 obj/default/jpeg/cdjpeg.o
                0x000083e8                keymatch
                0x00008558                read_stdin
                0x0000858c                write_stdout
 .text          0x000085c0      0x1ac obj/default/jpeg/jcomapi.o
                0x000085c0                jpeg_abort
                0x00008668                jpeg_destroy
                0x000086c4                jpeg_alloc_quant_table
                0x00008718                jpeg_alloc_huff_table
 .text          0x0000876c      0xb40 obj/default/jpeg/jdapimin.o
                0x0000876c                jpeg_CreateDecompress
                0x00008964                jpeg_destroy_decompress
                0x00008994                jpeg_abort_decompress
                0x00008da4                jpeg_read_header
                0x00008ea8                jpeg_consume_input
                0x00009014                jpeg_input_complete
                0x000090a0                jpeg_has_multiple_scans
                0x0000912c                jpeg_finish_decompress
 .text          0x000092ac      0x85c obj/default/jpeg/jdapistd.o
                0x000092ac                jpeg_start_decompress
                0x00009614                jpeg_read_scanlines
                0x00009764                jpeg_read_raw_data
                0x00009900                jpeg_start_output
                0x000099dc                jpeg_finish_output
 .text          0x00009b08      0x324 obj/default/jpeg/jdatasrc.o
                0x00009d1c                jpeg_stdio_src
 .text          0x00009e2c     0x1be0 obj/default/jpeg/jdcoefct.o
                0x0000b7a4                jinit_d_coef_controller
 .text          0x0000ba0c      0xd80 obj/default/jpeg/jdcolor.o
                0x0000c364                jinit_color_deconverter
 .text          0x0000c78c      0x5e8 obj/default/jpeg/jddctmgr.o
                0x0000cc74                jinit_inverse_dct
 .text          0x0000cd74     0x18d0 obj/default/jpeg/jdhuff.o
                0x0000d088                jpeg_make_d_derived_tbl
                0x0000d68c                jpeg_fill_bit_buffer
                0x0000d90c                jpeg_huff_decode
                0x0000e560                jinit_huff_decoder
 .text          0x0000e644      0xc18 obj/default/jpeg/jdinput.o
                0x0000f1ac                jinit_input_controller
 .text          0x0000f25c      0xee8 obj/default/jpeg/jdmainct.o
                0x0000ff78                jinit_d_main_controller
 .text          0x00010144     0x41a8 obj/default/jpeg/jdmarker.o
                0x00013cdc                jpeg_resync_to_restart
                0x00013f48                jinit_marker_reader
                0x0001406c                jpeg_save_markers
                0x00014220                jpeg_set_marker_processor
 .text          0x000142ec     0x1080 obj/default/jpeg/jdmaster.o
                0x00014470                jpeg_calc_output_dimensions
                0x000151e8                jpeg_new_colormap
                0x000152e8                jinit_master_decompress
 .text          0x0001536c      0xfb4 obj/default/jpeg/jdmerge.o
                0x00016208                jinit_merged_upsampler
 .text          0x00016320     0x1a28 obj/default/jpeg/jdphuff.o
                0x00017c0c                jinit_phuff_decoder
 .text          0x00017d48      0x774 obj/default/jpeg/jdpostct.o
                0x00018344                jinit_d_post_controller
 .text          0x000184bc     0x111c obj/default/jpeg/jdsample.o
                0x0001913c                jinit_upsampler
 .text          0x000195d8      0x44c obj/default/jpeg/jerror.o
                0x00019964                jpeg_std_error
 .text          0x00019a24      0x6d8 obj/default/jpeg/jfdctflt.o
                0x00019a24                jpeg_fdct_float
 .text          0x0001a0fc      0x5f8 obj/default/jpeg/jfdctfst.o
                0x0001a0fc                jpeg_fdct_ifast
 .text          0x0001a6f4      0x71c obj/default/jpeg/jfdctint.o
                0x0001a6f4                jpeg_fdct_islow
 .text          0x0001ae10      0xb28 obj/default/jpeg/jidctflt.o
                0x0001ae10                jpeg_idct_float
 .text          0x0001b938      0xac8 obj/default/jpeg/jidctfst.o
                0x0001b938                jpeg_idct_ifast
 .text          0x0001c400      0xc24 obj/default/jpeg/jidctint.o
                0x0001c400                jpeg_idct_islow
 .text          0x0001d024      0xca8 obj/default/jpeg/jidctred.o
                0x0001d024                jpeg_idct_4x4
                0x0001d764                jpeg_idct_2x2
                0x0001dc24                jpeg_idct_1x1
 .text          0x0001dccc     0x1db0 obj/default/jpeg/jmemmgr.o
                0x0001f7cc                jinit_memory_mgr
 .text          0x0001fa7c      0x1a0 obj/default/jpeg/jmemnobs.o
                0x0001fa7c                jpeg_get_small
                0x0001fab0                jpeg_free_small
                0x0001fae8                jpeg_get_large
                0x0001fb1c                jpeg_free_large
                0x0001fb54                jpeg_mem_available
                0x0001fb84                jpeg_open_backing_store
                0x0001fbd8                jpeg_mem_init
                0x0001fbfc                jpeg_mem_term
 .text          0x0001fc1c     0x1a18 obj/default/jpeg/jquant1.o
                0x000214f0                jinit_1pass_quantizer
 .text          0x00021634     0x2ae8 obj/default/jpeg/jquant2.o
                0x00023e88                jinit_2pass_quantizer
 .text          0x0002411c      0x1f4 obj/default/jpeg/jutils.o
                0x0002411c                jdiv_round_up
                0x00024160                jround_up
                0x000241b8                jcopy_sample_rows
                0x00024284                jcopy_block_row
                0x000242d0                jzero_far
 .text          0x00024310      0x854 obj/default/jpeg/rdcolmap.o
                0x00024a98                read_color_map
 .text          0x00024b64      0xa10 obj/default/touch_spi.o
                0x00024b64                Touch_Init
                0x00024cec                Touch_UnInit
                0x00024d4c                Touch_EmptyFifo
                0x00024d84                Touch_GetXY
                0x00024ed0                touch_isr
                0x00024f20                touch_empty_fifo
                0x00024f50                touch_is_pen_pressed
                0x00024fa8                touch_enable_penirq
                0x000250f0                touch_clear_input
                0x00025120                touch_get_xy
                0x00025430                touch_alarm_callback
                0x000254b0                touch_xy_transform
 .text          0x00025574      0x2b8 c:/altera/13.0sp1/nios2eds/bin/gnu/h-i686-mingw32/bin/../lib/gcc/nios2-elf/4.1.2\libgcc.a(_addsub_sf.o)
                0x00025758                __subsf3
                0x000257c8                __addsf3
 .text          0x0002582c      0x1e0 c:/altera/13.0sp1/nios2eds/bin/gnu/h-i686-mingw32/bin/../lib/gcc/nios2-elf/4.1.2\libgcc.a(_mul_sf.o)
                0x0002582c                __mulsf3
 .text          0x00025a0c      0x174 c:/altera/13.0sp1/nios2eds/bin/gnu/h-i686-mingw32/bin/../lib/gcc/nios2-elf/4.1.2\libgcc.a(_div_sf.o)
                0x00025a0c                __divsf3
 .text          0x00025b80       0x78 c:/altera/13.0sp1/nios2eds/bin/gnu/h-i686-mingw32/bin/../lib/gcc/nios2-elf/4.1.2\libgcc.a(_gt_sf.o)
                0x00025b80                __gtsf2
 .text          0x00025bf8       0x78 c:/altera/13.0sp1/nios2eds/bin/gnu/h-i686-mingw32/bin/../lib/gcc/nios2-elf/4.1.2\libgcc.a(_ge_sf.o)
                0x00025bf8                __gesf2
 .text          0x00025c70       0x78 c:/altera/13.0sp1/nios2eds/bin/gnu/h-i686-mingw32/bin/../lib/gcc/nios2-elf/4.1.2\libgcc.a(_lt_sf.o)
                0x00025c70                __ltsf2
 .text          0x00025ce8       0x98 c:/altera/13.0sp1/nios2eds/bin/gnu/h-i686-mingw32/bin/../lib/gcc/nios2-elf/4.1.2\libgcc.a(_si_to_sf.o)
                0x00025ce8                __floatsisf
 .text          0x00025d80       0x94 c:/altera/13.0sp1/nios2eds/bin/gnu/h-i686-mingw32/bin/../lib/gcc/nios2-elf/4.1.2\libgcc.a(_sf_to_si.o)
                0x00025d80                __fixsfsi
 .text          0x00025e14        0x0 c:/altera/13.0sp1/nios2eds/bin/gnu/h-i686-mingw32/bin/../lib/gcc/nios2-elf/4.1.2\libgcc.a(_thenan_sf.o)
 .text          0x00025e14       0xc0 c:/altera/13.0sp1/nios2eds/bin/gnu/h-i686-mingw32/bin/../lib/gcc/nios2-elf/4.1.2\libgcc.a(_usi_to_sf.o)
                0x00025e14                __floatunsisf
 .text          0x00025ed4      0x3c4 c:/altera/13.0sp1/nios2eds/bin/gnu/h-i686-mingw32/bin/../lib/gcc/nios2-elf/4.1.2\libgcc.a(_mul_df.o)
                0x00025ed4                __muldf3
 .text          0x00026298       0x74 c:/altera/13.0sp1/nios2eds/bin/gnu/h-i686-mingw32/bin/../lib/gcc/nios2-elf/4.1.2\libgcc.a(_df_to_sf.o)
                0x00026298                __truncdfsf2
 .text          0x0002630c        0x0 c:/altera/13.0sp1/nios2eds/bin/gnu/h-i686-mingw32/bin/../lib/gcc/nios2-elf/4.1.2\libgcc.a(_thenan_df.o)
 .text          0x0002630c      0x194 c:/altera/13.0sp1/nios2eds/bin/gnu/h-i686-mingw32/bin/../lib/gcc/nios2-elf/4.1.2\libgcc.a(_usi_to_df.o)
                0x0002630c                __floatunsidf
 .text          0x000264a0      0x14c c:/altera/13.0sp1/nios2eds/bin/gnu/h-i686-mingw32/bin/../lib/gcc/nios2-elf/4.1.2\libgcc.a(lib2-divmod.o)
                0x0002651c                __divsi3
                0x0002657c                __modsi3
                0x000265dc                __udivsi3
                0x000265e4                __umodsi3
 .text          0x000265ec       0x98 c:/altera/13.0sp1/nios2eds/bin/gnu/h-i686-mingw32/bin/../lib/gcc/nios2-elf/4.1.2\libgcc.a(_muldi3.o)
                0x000265ec                __muldi3
 .text          0x00026684       0x80 c:/altera/13.0sp1/nios2eds/bin/gnu/h-i686-mingw32/bin/../lib/gcc/nios2-elf/4.1.2\libgcc.a(_clzsi2.o)
                0x00026684                __clzsi2
 .text          0x00026704      0x160 c:/altera/13.0sp1/nios2eds/bin/gnu/h-i686-mingw32/bin/../lib/gcc/nios2-elf/4.1.2\libgcc.a(_pack_sf.o)
                0x00026704                __pack_f
 .text          0x00026864       0xc8 c:/altera/13.0sp1/nios2eds/bin/gnu/h-i686-mingw32/bin/../lib/gcc/nios2-elf/4.1.2\libgcc.a(_unpack_sf.o)
                0x00026864                __unpack_f
 .text          0x0002692c       0xa8 c:/altera/13.0sp1/nios2eds/bin/gnu/h-i686-mingw32/bin/../lib/gcc/nios2-elf/4.1.2\libgcc.a(_fpcmp_parts_sf.o)
                0x0002692c                __fpcmp_parts_f
 .text          0x000269d4       0x2c c:/altera/13.0sp1/nios2eds/bin/gnu/h-i686-mingw32/bin/../lib/gcc/nios2-elf/4.1.2\libgcc.a(_make_sf.o)
                0x000269d4                __make_fp
 .text          0x00026a00      0x314 c:/altera/13.0sp1/nios2eds/bin/gnu/h-i686-mingw32/bin/../lib/gcc/nios2-elf/4.1.2\libgcc.a(_pack_df.o)
                0x00026a00                __pack_d
 .text          0x00026d14      0x138 c:/altera/13.0sp1/nios2eds/bin/gnu/h-i686-mingw32/bin/../lib/gcc/nios2-elf/4.1.2\libgcc.a(_unpack_df.o)
                0x00026d14                __unpack_d
 .text          0x00026e4c        0x0 c:/altera/13.0sp1/nios2eds/bin/gnu/h-i686-mingw32/bin/../lib/gcc/nios2-elf/4.1.2\libgcc.a(_clz.o)
 .text          0x00026e4c        0x0 c:/altera/13.0sp1/nios2eds/bin/gnu/h-i686-mingw32/bin/../lib/gcc/nios2-elf/4.1.2/../../../../nios2-elf/lib\libc.a(lib_a-ctype_.o)
 .text          0x00026e4c       0x38 c:/altera/13.0sp1/nios2eds/bin/gnu/h-i686-mingw32/bin/../lib/gcc/nios2-elf/4.1.2/../../../../nios2-elf/lib\libc.a(lib_a-exit.o)
                0x00026e4c                exit
 .text          0x00026e84      0x124 c:/altera/13.0sp1/nios2eds/bin/gnu/h-i686-mingw32/bin/../lib/gcc/nios2-elf/4.1.2/../../../../nios2-elf/lib\libc.a(lib_a-fclose.o)
                0x00026e84                _fclose_r
                0x00026f94                fclose
 .text          0x00026fa8      0x230 c:/altera/13.0sp1/nios2eds/bin/gnu/h-i686-mingw32/bin/../lib/gcc/nios2-elf/4.1.2/../../../../nios2-elf/lib\libc.a(lib_a-fflush.o)
                0x00026fa8                _fflush_r
                0x000271a4                fflush
 .text          0x000271d8      0x2c0 c:/altera/13.0sp1/nios2eds/bin/gnu/h-i686-mingw32/bin/../lib/gcc/nios2-elf/4.1.2/../../../../nios2-elf/lib\libc.a(lib_a-findfp.o)
                0x00027230                __sfp_lock_acquire
                0x00027234                __sfp_lock_release
                0x00027238                __sinit_lock_acquire
                0x0002723c                __sinit_lock_release
                0x00027240                __sinit
                0x000272f4                __fp_unlock_all
                0x0002730c                __fp_lock_all
                0x00027324                _cleanup_r
                0x00027330                _cleanup
                0x00027340                __sfmoreglue
                0x000273a8                __sfp
 .text          0x00027498      0x110 c:/altera/13.0sp1/nios2eds/bin/gnu/h-i686-mingw32/bin/../lib/gcc/nios2-elf/4.1.2/../../../../nios2-elf/lib\libc.a(lib_a-fopen.o)
                0x00027498                _fopen_r
                0x0002758c                fopen
 .text          0x000275a8       0x60 c:/altera/13.0sp1/nios2eds/bin/gnu/h-i686-mingw32/bin/../lib/gcc/nios2-elf/4.1.2/../../../../nios2-elf/lib\libc.a(lib_a-fprintf.o)
                0x000275a8                fprintf
                0x000275d4                _fprintf_r
 .text          0x00027608      0x23c c:/altera/13.0sp1/nios2eds/bin/gnu/h-i686-mingw32/bin/../lib/gcc/nios2-elf/4.1.2/../../../../nios2-elf/lib\libc.a(lib_a-fread.o)
                0x00027608                _fread_r
                0x00027804                fread
 .text          0x00027844      0x440 c:/altera/13.0sp1/nios2eds/bin/gnu/h-i686-mingw32/bin/../lib/gcc/nios2-elf/4.1.2/../../../../nios2-elf/lib\libc.a(lib_a-freer.o)
                0x00027844                _malloc_trim_r
                0x00027970                _free_r
 .text          0x00027c84      0x460 c:/altera/13.0sp1/nios2eds/bin/gnu/h-i686-mingw32/bin/../lib/gcc/nios2-elf/4.1.2/../../../../nios2-elf/lib\libc.a(lib_a-fseek.o)
                0x00027c84                _fseek_r
                0x000280c0                fseek
 .text          0x000280e4       0x74 c:/altera/13.0sp1/nios2eds/bin/gnu/h-i686-mingw32/bin/../lib/gcc/nios2-elf/4.1.2/../../../../nios2-elf/lib\libc.a(lib_a-fstatr.o)
                0x000280e4                _fstat_r
 .text          0x00028158      0x180 c:/altera/13.0sp1/nios2eds/bin/gnu/h-i686-mingw32/bin/../lib/gcc/nios2-elf/4.1.2/../../../../nios2-elf/lib\libc.a(lib_a-fwalk.o)
                0x00028158                _fwalk_reent
                0x00028220                _fwalk
 .text          0x000282d8      0x128 c:/altera/13.0sp1/nios2eds/bin/gnu/h-i686-mingw32/bin/../lib/gcc/nios2-elf/4.1.2/../../../../nios2-elf/lib\libc.a(lib_a-getc.o)
                0x000282d8                getc
                0x00028370                _getc_r
 .text          0x00028400       0x48 c:/altera/13.0sp1/nios2eds/bin/gnu/h-i686-mingw32/bin/../lib/gcc/nios2-elf/4.1.2/../../../../nios2-elf/lib\libc.a(lib_a-getenv.o)
                0x00028400                getenv
                0x0002842c                _findenv
 .text          0x00028448      0x128 c:/altera/13.0sp1/nios2eds/bin/gnu/h-i686-mingw32/bin/../lib/gcc/nios2-elf/4.1.2/../../../../nios2-elf/lib\libc.a(lib_a-getenv_r.o)
                0x00028448                _findenv_r
                0x00028554                _getenv_r
 .text          0x00028570        0x0 c:/altera/13.0sp1/nios2eds/bin/gnu/h-i686-mingw32/bin/../lib/gcc/nios2-elf/4.1.2/../../../../nios2-elf/lib\libc.a(lib_a-impure.o)
 .text          0x00028570        0x0 c:/altera/13.0sp1/nios2eds/bin/gnu/h-i686-mingw32/bin/../lib/gcc/nios2-elf/4.1.2/../../../../nios2-elf/lib\libc.a(lib_a-int_errno.o)
 .text          0x00028570      0x194 c:/altera/13.0sp1/nios2eds/bin/gnu/h-i686-mingw32/bin/../lib/gcc/nios2-elf/4.1.2/../../../../nios2-elf/lib\libc.a(lib_a-makebuf.o)
                0x00028570                __smakebuf_r
 .text          0x00028704       0x1c c:/altera/13.0sp1/nios2eds/bin/gnu/h-i686-mingw32/bin/../lib/gcc/nios2-elf/4.1.2/../../../../nios2-elf/lib\libc.a(lib_a-malign.o)
                0x00028704                memalign
 .text          0x00028720      0x1cc c:/altera/13.0sp1/nios2eds/bin/gnu/h-i686-mingw32/bin/../lib/gcc/nios2-elf/4.1.2/../../../../nios2-elf/lib\libc.a(lib_a-malignr.o)
                0x00028720                _memalign_r
 .text          0x000288ec       0x28 c:/altera/13.0sp1/nios2eds/bin/gnu/h-i686-mingw32/bin/../lib/gcc/nios2-elf/4.1.2/../../../../nios2-elf/lib\libc.a(lib_a-malloc.o)
                0x000288ec                free
                0x00028900                malloc
 .text          0x00028914      0x740 c:/altera/13.0sp1/nios2eds/bin/gnu/h-i686-mingw32/bin/../lib/gcc/nios2-elf/4.1.2/../../../../nios2-elf/lib\libc.a(lib_a-mallocr.o)
                0x00028914                _malloc_r
 .text          0x00029054       0xa0 c:/altera/13.0sp1/nios2eds/bin/gnu/h-i686-mingw32/bin/../lib/gcc/nios2-elf/4.1.2/../../../../nios2-elf/lib\libc.a(lib_a-memcpy.o)
                0x00029054                memcpy
 .text          0x000290f4       0x98 c:/altera/13.0sp1/nios2eds/bin/gnu/h-i686-mingw32/bin/../lib/gcc/nios2-elf/4.1.2/../../../../nios2-elf/lib\libc.a(lib_a-memset.o)
                0x000290f4                memset
 .text          0x0002918c       0x78 c:/altera/13.0sp1/nios2eds/bin/gnu/h-i686-mingw32/bin/../lib/gcc/nios2-elf/4.1.2/../../../../nios2-elf/lib\libc.a(lib_a-openr.o)
                0x0002918c                _open_r
 .text          0x00029204       0x78 c:/altera/13.0sp1/nios2eds/bin/gnu/h-i686-mingw32/bin/../lib/gcc/nios2-elf/4.1.2/../../../../nios2-elf/lib\libc.a(lib_a-printf.o)
                0x00029204                printf
                0x00029248                _printf_r
 .text          0x0002927c       0xb4 c:/altera/13.0sp1/nios2eds/bin/gnu/h-i686-mingw32/bin/../lib/gcc/nios2-elf/4.1.2/../../../../nios2-elf/lib\libc.a(lib_a-puts.o)
                0x0002927c                _puts_r
                0x0002931c                puts
 .text          0x00029330      0x1e0 c:/altera/13.0sp1/nios2eds/bin/gnu/h-i686-mingw32/bin/../lib/gcc/nios2-elf/4.1.2/../../../../nios2-elf/lib\libc.a(lib_a-refill.o)
                0x00029330                __srefill_r
 .text          0x00029510       0x60 c:/altera/13.0sp1/nios2eds/bin/gnu/h-i686-mingw32/bin/../lib/gcc/nios2-elf/4.1.2/../../../../nios2-elf/lib\libc.a(lib_a-rget.o)
                0x00029510                __srget_r
                0x0002955c                __srget
 .text          0x00029570       0x70 c:/altera/13.0sp1/nios2eds/bin/gnu/h-i686-mingw32/bin/../lib/gcc/nios2-elf/4.1.2/../../../../nios2-elf/lib\libc.a(lib_a-sbrkr.o)
                0x00029570                _sbrk_r
 .text          0x000295e0       0xd4 c:/altera/13.0sp1/nios2eds/bin/gnu/h-i686-mingw32/bin/../lib/gcc/nios2-elf/4.1.2/../../../../nios2-elf/lib\libc.a(lib_a-sprintf.o)
                0x000295e0                sprintf
                0x00029654                _sprintf_r
 .text          0x000296b4      0x114 c:/altera/13.0sp1/nios2eds/bin/gnu/h-i686-mingw32/bin/../lib/gcc/nios2-elf/4.1.2/../../../../nios2-elf/lib\libc.a(lib_a-sscanf.o)
                0x000296bc                _sscanf_r
                0x00029744                sscanf
 .text          0x000297c8      0x14c c:/altera/13.0sp1/nios2eds/bin/gnu/h-i686-mingw32/bin/../lib/gcc/nios2-elf/4.1.2/../../../../nios2-elf/lib\libc.a(lib_a-stdio.o)
                0x000297c8                __sclose
                0x000297d0                __sseek
                0x00029838                __swrite
                0x000298b4                __sread
 .text          0x00029914       0x8c c:/altera/13.0sp1/nios2eds/bin/gnu/h-i686-mingw32/bin/../lib/gcc/nios2-elf/4.1.2/../../../../nios2-elf/lib\libc.a(lib_a-strcpy.o)
                0x00029914                strcpy
 .text          0x000299a0       0x74 c:/altera/13.0sp1/nios2eds/bin/gnu/h-i686-mingw32/bin/../lib/gcc/nios2-elf/4.1.2/../../../../nios2-elf/lib\libc.a(lib_a-strlen.o)
                0x000299a0                strlen
 .text          0x00029a14       0xf0 c:/altera/13.0sp1/nios2eds/bin/gnu/h-i686-mingw32/bin/../lib/gcc/nios2-elf/4.1.2/../../../../nios2-elf/lib\libc.a(lib_a-strncmp.o)
                0x00029a14                strncmp
 .text          0x00029b04     0x1f28 c:/altera/13.0sp1/nios2eds/bin/gnu/h-i686-mingw32/bin/../lib/gcc/nios2-elf/4.1.2/../../../../nios2-elf/lib\libc.a(lib_a-vfprintf.o)
                0x00029b5c                ___vfprintf_internal_r
                0x0002ba08                __vfprintf_internal
 .text          0x0002ba2c     0x1780 c:/altera/13.0sp1/nios2eds/bin/gnu/h-i686-mingw32/bin/../lib/gcc/nios2-elf/4.1.2/../../../../nios2-elf/lib\libc.a(lib_a-vfscanf.o)
                0x0002ba2c                __svfscanf_r
                0x0002d0ac                __svfscanf
                0x0002d0d0                _vfscanf_r
                0x0002d138                vfscanf
 .text          0x0002d1ac       0x78 c:/altera/13.0sp1/nios2eds/bin/gnu/h-i686-mingw32/bin/../lib/gcc/nios2-elf/4.1.2/../../../../nios2-elf/lib\libc.a(lib_a-writer.o)
                0x0002d1ac                _write_r
 .text          0x0002d224      0x13c c:/altera/13.0sp1/nios2eds/bin/gnu/h-i686-mingw32/bin/../lib/gcc/nios2-elf/4.1.2/../../../../nios2-elf/lib\libc.a(lib_a-wsetup.o)
                0x0002d224                __swsetup_r
 .text          0x0002d360      0x1b4 c:/altera/13.0sp1/nios2eds/bin/gnu/h-i686-mingw32/bin/../lib/gcc/nios2-elf/4.1.2/../../../../nios2-elf/lib\libc.a(lib_a-__call_atexit.o)
                0x0002d364                __call_exitprocs
 .text          0x0002d514       0x70 c:/altera/13.0sp1/nios2eds/bin/gnu/h-i686-mingw32/bin/../lib/gcc/nios2-elf/4.1.2/../../../../nios2-elf/lib\libc.a(lib_a-closer.o)
                0x0002d514                _close_r
 .text          0x0002d584     0x17cc c:/altera/13.0sp1/nios2eds/bin/gnu/h-i686-mingw32/bin/../lib/gcc/nios2-elf/4.1.2/../../../../nios2-elf/lib\libc.a(lib_a-dtoa.o)
                0x0002d79c                _dtoa_r
 .text          0x0002ed50        0x0 c:/altera/13.0sp1/nios2eds/bin/gnu/h-i686-mingw32/bin/../lib/gcc/nios2-elf/4.1.2/../../../../nios2-elf/lib\libc.a(lib_a-environ.o)
 .text          0x0002ed50       0xa0 c:/altera/13.0sp1/nios2eds/bin/gnu/h-i686-mingw32/bin/../lib/gcc/nios2-elf/4.1.2/../../../../nios2-elf/lib\libc.a(lib_a-flags.o)
                0x0002ed50                __sflags
 .text          0x0002edf0      0x49c c:/altera/13.0sp1/nios2eds/bin/gnu/h-i686-mingw32/bin/../lib/gcc/nios2-elf/4.1.2/../../../../nios2-elf/lib\libc.a(lib_a-fvwrite.o)
                0x0002edf0                __sfvwrite_r
 .text          0x0002f28c       0x70 c:/altera/13.0sp1/nios2eds/bin/gnu/h-i686-mingw32/bin/../lib/gcc/nios2-elf/4.1.2/../../../../nios2-elf/lib\libc.a(lib_a-isattyr.o)
                0x0002f28c                _isatty_r
 .text          0x0002f2fc       0x2c c:/altera/13.0sp1/nios2eds/bin/gnu/h-i686-mingw32/bin/../lib/gcc/nios2-elf/4.1.2/../../../../nios2-elf/lib\libc.a(lib_a-iswspace.o)
                0x0002f2fc                iswspace
 .text          0x0002f328       0xc4 c:/altera/13.0sp1/nios2eds/bin/gnu/h-i686-mingw32/bin/../lib/gcc/nios2-elf/4.1.2/../../../../nios2-elf/lib\libc.a(lib_a-locale.o)
                0x0002f328                __locale_charset
                0x0002f330                _localeconv_r
                0x0002f33c                localeconv
                0x0002f34c                _setlocale_r
                0x0002f3d0                setlocale
 .text          0x0002f3ec       0x78 c:/altera/13.0sp1/nios2eds/bin/gnu/h-i686-mingw32/bin/../lib/gcc/nios2-elf/4.1.2/../../../../nios2-elf/lib\libc.a(lib_a-lseekr.o)
                0x0002f3ec                _lseek_r
 .text          0x0002f464       0xc0 c:/altera/13.0sp1/nios2eds/bin/gnu/h-i686-mingw32/bin/../lib/gcc/nios2-elf/4.1.2/../../../../nios2-elf/lib\libc.a(lib_a-mbrtowc.o)
                0x0002f464                _mbrtowc_r
                0x0002f4e4                mbrtowc
 .text          0x0002f524       0x40 c:/altera/13.0sp1/nios2eds/bin/gnu/h-i686-mingw32/bin/../lib/gcc/nios2-elf/4.1.2/../../../../nios2-elf/lib\libc.a(lib_a-mbtowc_r.o)
                0x0002f524                _mbtowc_r
 .text          0x0002f564       0xe4 c:/altera/13.0sp1/nios2eds/bin/gnu/h-i686-mingw32/bin/../lib/gcc/nios2-elf/4.1.2/../../../../nios2-elf/lib\libc.a(lib_a-memchr.o)
                0x0002f564                memchr
 .text          0x0002f648       0xe0 c:/altera/13.0sp1/nios2eds/bin/gnu/h-i686-mingw32/bin/../lib/gcc/nios2-elf/4.1.2/../../../../nios2-elf/lib\libc.a(lib_a-memmove.o)
                0x0002f648                memmove
 .text          0x0002f728      0xff4 c:/altera/13.0sp1/nios2eds/bin/gnu/h-i686-mingw32/bin/../lib/gcc/nios2-elf/4.1.2/../../../../nios2-elf/lib\libc.a(lib_a-mprec.o)
                0x0002f728                _Bfree
                0x0002f750                __hi0bits
                0x0002f7c0                __lo0bits
                0x0002f884                __mcmp
                0x0002f8e4                __ulp
                0x0002f964                __b2d
                0x0002fa84                __ratio
                0x0002fb34                _mprec_log10
                0x0002fbc8                __copybits
                0x0002fc20                __any_on
                0x0002fca8                _Balloc
                0x0002fd64                __d2b
                0x0002fee0                __mdiff
                0x0003006c                __lshift
                0x000301b8                __multiply
                0x000303a0                __i2b
                0x000303dc                __multadd
                0x000304dc                __pow5mult
                0x000305fc                __s2b
 .text          0x0003071c       0x78 c:/altera/13.0sp1/nios2eds/bin/gnu/h-i686-mingw32/bin/../lib/gcc/nios2-elf/4.1.2/../../../../nios2-elf/lib\libc.a(lib_a-readr.o)
                0x0003071c                _read_r
 .text          0x00030794      0x5f4 c:/altera/13.0sp1/nios2eds/bin/gnu/h-i686-mingw32/bin/../lib/gcc/nios2-elf/4.1.2/../../../../nios2-elf/lib\libc.a(lib_a-reallocr.o)
                0x00030794                _realloc_r
 .text          0x00030d88       0x40 c:/altera/13.0sp1/nios2eds/bin/gnu/h-i686-mingw32/bin/../lib/gcc/nios2-elf/4.1.2/../../../../nios2-elf/lib\libc.a(lib_a-s_isinfd.o)
                0x00030d88                __isinfd
 .text          0x00030dc8       0x30 c:/altera/13.0sp1/nios2eds/bin/gnu/h-i686-mingw32/bin/../lib/gcc/nios2-elf/4.1.2/../../../../nios2-elf/lib\libc.a(lib_a-s_isnand.o)
                0x00030dc8                __isnand
 .text          0x00030df8       0xc0 c:/altera/13.0sp1/nios2eds/bin/gnu/h-i686-mingw32/bin/../lib/gcc/nios2-elf/4.1.2/../../../../nios2-elf/lib\libc.a(lib_a-sccl.o)
                0x00030df8                __sccl
 .text          0x00030eb8        0x8 c:/altera/13.0sp1/nios2eds/bin/gnu/h-i686-mingw32/bin/../lib/gcc/nios2-elf/4.1.2/../../../../nios2-elf/lib\libc.a(lib_a-sf_nan.o)
                0x00030eb8                nanf
 .text          0x00030ec0       0xbc c:/altera/13.0sp1/nios2eds/bin/gnu/h-i686-mingw32/bin/../lib/gcc/nios2-elf/4.1.2/../../../../nios2-elf/lib\libc.a(lib_a-strcmp.o)
                0x00030ec0                strcmp
 .text          0x00030f7c     0x166c c:/altera/13.0sp1/nios2eds/bin/gnu/h-i686-mingw32/bin/../lib/gcc/nios2-elf/4.1.2/../../../../nios2-elf/lib\libc.a(lib_a-strtod.o)
                0x00030fc4                _strtod_r
                0x000324a8                strtof
                0x000325cc                strtod
 .text          0x000325e8      0x268 c:/altera/13.0sp1/nios2eds/bin/gnu/h-i686-mingw32/bin/../lib/gcc/nios2-elf/4.1.2/../../../../nios2-elf/lib\libc.a(lib_a-strtol.o)
                0x000325e8                _strtol_r
                0x0003282c                strtol
 .text          0x00032850      0x318 c:/altera/13.0sp1/nios2eds/bin/gnu/h-i686-mingw32/bin/../lib/gcc/nios2-elf/4.1.2/../../../../nios2-elf/lib\libc.a(lib_a-strtoll_r.o)
                0x00032850                _strtoll_r
 .text          0x00032b68      0x254 c:/altera/13.0sp1/nios2eds/bin/gnu/h-i686-mingw32/bin/../lib/gcc/nios2-elf/4.1.2/../../../../nios2-elf/lib\libc.a(lib_a-strtoul.o)
                0x00032b68                _strtoul_r
                0x00032d98                strtoul
 .text          0x00032dbc      0x2f0 c:/altera/13.0sp1/nios2eds/bin/gnu/h-i686-mingw32/bin/../lib/gcc/nios2-elf/4.1.2/../../../../nios2-elf/lib\libc.a(lib_a-strtoull_r.o)
                0x00032dbc                _strtoull_r
 .text          0x000330ac      0x294 c:/altera/13.0sp1/nios2eds/bin/gnu/h-i686-mingw32/bin/../lib/gcc/nios2-elf/4.1.2/../../../../nios2-elf/lib\libc.a(lib_a-ungetc.o)
                0x000330ac                __submore
                0x00033188                _ungetc_r
                0x00033324                ungetc
 .text          0x00033340       0xb4 c:/altera/13.0sp1/nios2eds/bin/gnu/h-i686-mingw32/bin/../lib/gcc/nios2-elf/4.1.2/../../../../nios2-elf/lib\libc.a(lib_a-callocr.o)
                0x00033340                _calloc_r
 .text          0x000333f4      0x8f4 c:/altera/13.0sp1/nios2eds/bin/gnu/h-i686-mingw32/bin/../lib/gcc/nios2-elf/4.1.2/../../../../nios2-elf/lib\libc.a(lib_a-gdtoa-gethex.o)
                0x00033418                __hexdig_init
                0x00033530                __gethex
 .text          0x00033ce8      0x294 c:/altera/13.0sp1/nios2eds/bin/gnu/h-i686-mingw32/bin/../lib/gcc/nios2-elf/4.1.2/../../../../nios2-elf/lib\libc.a(lib_a-gdtoa-hexnan.o)
                0x00033d34                __hexnan
 .text          0x00033f7c       0xa4 c:/altera/13.0sp1/nios2eds/bin/gnu/h-i686-mingw32/bin/../lib/gcc/nios2-elf/4.1.2\libgcc.a(_fixunsdfsi.o)
                0x00033f7c                __fixunsdfsi
 .text          0x00034020      0x5dc c:/altera/13.0sp1/nios2eds/bin/gnu/h-i686-mingw32/bin/../lib/gcc/nios2-elf/4.1.2\libgcc.a(_udivdi3.o)
                0x00034020                __udivdi3
 .text          0x000345fc      0x5b0 c:/altera/13.0sp1/nios2eds/bin/gnu/h-i686-mingw32/bin/../lib/gcc/nios2-elf/4.1.2\libgcc.a(_umoddi3.o)
                0x000345fc                __umoddi3
 .text          0x00034bac       0x78 c:/altera/13.0sp1/nios2eds/bin/gnu/h-i686-mingw32/bin/../lib/gcc/nios2-elf/4.1.2\libgcc.a(_ne_sf.o)
                0x00034bac                __nesf2
 .text          0x00034c24      0x504 c:/altera/13.0sp1/nios2eds/bin/gnu/h-i686-mingw32/bin/../lib/gcc/nios2-elf/4.1.2\libgcc.a(_addsub_df.o)
                0x00035034                __subdf3
                0x000350b4                __adddf3
 .text          0x00035128      0x258 c:/altera/13.0sp1/nios2eds/bin/gnu/h-i686-mingw32/bin/../lib/gcc/nios2-elf/4.1.2\libgcc.a(_div_df.o)
                0x00035128                __divdf3
 .text          0x00035380       0x88 c:/altera/13.0sp1/nios2eds/bin/gnu/h-i686-mingw32/bin/../lib/gcc/nios2-elf/4.1.2\libgcc.a(_eq_df.o)
                0x00035380                __eqdf2
 .text          0x00035408       0x88 c:/altera/13.0sp1/nios2eds/bin/gnu/h-i686-mingw32/bin/../lib/gcc/nios2-elf/4.1.2\libgcc.a(_ne_df.o)
                0x00035408                __nedf2
 .text          0x00035490       0x88 c:/altera/13.0sp1/nios2eds/bin/gnu/h-i686-mingw32/bin/../lib/gcc/nios2-elf/4.1.2\libgcc.a(_gt_df.o)
                0x00035490                __gtdf2
 .text          0x00035518       0x88 c:/altera/13.0sp1/nios2eds/bin/gnu/h-i686-mingw32/bin/../lib/gcc/nios2-elf/4.1.2\libgcc.a(_ge_df.o)
                0x00035518                __gedf2
 .text          0x000355a0       0x88 c:/altera/13.0sp1/nios2eds/bin/gnu/h-i686-mingw32/bin/../lib/gcc/nios2-elf/4.1.2\libgcc.a(_lt_df.o)
                0x000355a0                __ltdf2
 .text          0x00035628       0x88 c:/altera/13.0sp1/nios2eds/bin/gnu/h-i686-mingw32/bin/../lib/gcc/nios2-elf/4.1.2\libgcc.a(_le_df.o)
                0x00035628                __ledf2
 .text          0x000356b0       0xf8 c:/altera/13.0sp1/nios2eds/bin/gnu/h-i686-mingw32/bin/../lib/gcc/nios2-elf/4.1.2\libgcc.a(_si_to_df.o)
                0x000356b0                __floatsidf
 .text          0x000357a8       0xd8 c:/altera/13.0sp1/nios2eds/bin/gnu/h-i686-mingw32/bin/../lib/gcc/nios2-elf/4.1.2\libgcc.a(_df_to_si.o)
                0x000357a8                __fixdfsi
 .text          0x00035880       0xc8 c:/altera/13.0sp1/nios2eds/bin/gnu/h-i686-mingw32/bin/../lib/gcc/nios2-elf/4.1.2\libgcc.a(_fpcmp_parts_df.o)
                0x00035880                __fpcmp_parts_d
 .text          0x00035948      0x154 ../trialwithsdddd_bsp/\libhal_bsp.a(alt_alarm_start.o)
                0x00035948                alt_alarm_start
 .text          0x00035a9c      0x15c ../trialwithsdddd_bsp/\libhal_bsp.a(alt_close.o)
                0x00035a9c                close
 .text          0x00035bf8       0x2c ../trialwithsdddd_bsp/\libhal_bsp.a(alt_dev.o)
 .text          0x00035c24       0x40 ../trialwithsdddd_bsp/\libhal_bsp.a(alt_env_lock.o)
                0x00035c24                __env_lock
                0x00035c44                __env_unlock
 .text          0x00035c64        0x0 ../trialwithsdddd_bsp/\libhal_bsp.a(alt_errno.o)
 .text          0x00035c64       0x60 ../trialwithsdddd_bsp/\libhal_bsp.a(alt_exit.o)
                0x00035ca4                _exit
 .text          0x00035cc4      0x134 ../trialwithsdddd_bsp/\libhal_bsp.a(alt_fstat.o)
                0x00035cc4                fstat
 .text          0x00035df8      0x1c0 ../trialwithsdddd_bsp/\libhal_bsp.a(alt_irq_register.o)
                0x00035df8                alt_irq_register
 .text          0x00035fb8        0x0 ../trialwithsdddd_bsp/\libhal_bsp.a(alt_irq_vars.o)
 .text          0x00035fb8      0x120 ../trialwithsdddd_bsp/\libhal_bsp.a(alt_isatty.o)
                0x00035fb8                isatty
 .text          0x000360d8      0x150 ../trialwithsdddd_bsp/\libhal_bsp.a(alt_lseek.o)
                0x000360d8                lseek
 .text          0x00036228       0x6c ../trialwithsdddd_bsp/\libhal_bsp.a(alt_main.o)
                0x00036228                alt_main
 .text          0x00036294       0x40 ../trialwithsdddd_bsp/\libhal_bsp.a(alt_malloc_lock.o)
                0x00036294                __malloc_lock
                0x000362b4                __malloc_unlock
 .text          0x000362d4      0x2c4 ../trialwithsdddd_bsp/\libhal_bsp.a(alt_open.o)
                0x000363b0                open
 .text          0x00036598      0x180 ../trialwithsdddd_bsp/\libhal_bsp.a(alt_read.o)
                0x00036598                read
 .text          0x00036718       0x60 ../trialwithsdddd_bsp/\libhal_bsp.a(alt_release_fd.o)
                0x00036718                alt_release_fd
 .text          0x00036778       0x38 ../trialwithsdddd_bsp/\libhal_bsp.a(alt_remap_cached.o)
                0x00036778                alt_remap_cached
 .text          0x000367b0       0x40 ../trialwithsdddd_bsp/\libhal_bsp.a(alt_remap_uncached.o)
                0x000367b0                alt_remap_uncached
 .text          0x000367f0       0xbc ../trialwithsdddd_bsp/\libhal_bsp.a(alt_sbrk.o)
                0x000367f0                sbrk
 .text          0x000368ac      0x1a4 ../trialwithsdddd_bsp/\libhal_bsp.a(alt_tick.o)
                0x000368ac                alt_alarm_stop
                0x00036944                alt_tick
 .text          0x00036a50       0x64 ../trialwithsdddd_bsp/\libhal_bsp.a(alt_uncached_malloc.o)
                0x00036a50                alt_uncached_malloc
 .text          0x00036ab4       0x30 ../trialwithsdddd_bsp/\libhal_bsp.a(alt_usleep.o)
                0x00036ab4                usleep
 .text          0x00036ae4      0x180 ../trialwithsdddd_bsp/\libhal_bsp.a(alt_write.o)
                0x00036ae4                write
 .text          0x00036c64       0xf4 ../trialwithsdddd_bsp/\libhal_bsp.a(alt_sys_init.o)
                0x00036c64                alt_irq_init
                0x00036c98                alt_sys_init
 .text          0x00036d58      0x8c8 ../trialwithsdddd_bsp/\libhal_bsp.a(altera_avalon_cfi_flash.o)
                0x00036d58                alt_flash_cfi_init
                0x00036e2c                alt_flash_cfi_write
                0x000370ec                alt_flash_cfi_get_info
                0x0003717c                alt_flash_cfi_read
                0x000371e4                alt_write_value_to_flash
                0x00037348                alt_flash_program_block
 .text          0x00037620     0x14a8 ../trialwithsdddd_bsp/\libhal_bsp.a(altera_avalon_cfi_flash_table.o)
                0x00037620                alt_read_query_entry_8bit
                0x00037660                alt_read_query_entry_16bit
                0x000376a4                alt_read_query_entry_32bit
                0x000376ec                alt_write_flash_command_8bit_device_8bit_mode
                0x00037728                alt_write_flash_command_16bit_device_8bit_mode
                0x000377a4                alt_write_flash_command_32bit_device_8bit_mode
                0x000377ec                alt_write_flash_command_16bit_device_16bit_mode
                0x00037830                alt_write_flash_command_32bit_device_16bit_mode
                0x00037878                alt_write_flash_command_32bit_device_32bit_mode
                0x000378c0                alt_write_native_8bit
                0x000378f4                alt_write_native_16bit
                0x00037928                alt_write_native_32bit
                0x00037958                alt_set_flash_width_func
                0x00037b38                alt_set_flash_algorithm_func
                0x00037c60                alt_read_cfi_table
                0x00038240                alt_read_cfi_width
                0x000389ec                alt_check_primary_table
 .text          0x00038ac8      0x148 ../trialwithsdddd_bsp/\libhal_bsp.a(altera_avalon_jtag_uart_fd.o)
                0x00038ac8                altera_avalon_jtag_uart_read_fd
                0x00038b20                altera_avalon_jtag_uart_write_fd
                0x00038b78                altera_avalon_jtag_uart_close_fd
                0x00038bc0                altera_avalon_jtag_uart_ioctl_fd
 .text          0x00038c10      0x40c ../trialwithsdddd_bsp/\libhal_bsp.a(altera_avalon_jtag_uart_init.o)
                0x00038c10                altera_avalon_jtag_uart_init
                0x00038fa8                altera_avalon_jtag_uart_close
 .text          0x0003901c       0xf4 ../trialwithsdddd_bsp/\libhal_bsp.a(altera_avalon_jtag_uart_ioctl.o)
                0x0003901c                altera_avalon_jtag_uart_ioctl
 .text          0x00039110      0x224 ../trialwithsdddd_bsp/\libhal_bsp.a(altera_avalon_jtag_uart_read.o)
                0x00039110                altera_avalon_jtag_uart_read
 .text          0x00039334      0x240 ../trialwithsdddd_bsp/\libhal_bsp.a(altera_avalon_jtag_uart_write.o)
                0x00039334                altera_avalon_jtag_uart_write
 .text          0x00039574      0xde4 ../trialwithsdddd_bsp/\libhal_bsp.a(altera_avalon_sgdma.o)
                0x00039574                alt_avalon_sgdma_do_async_transfer
                0x000396b0                alt_avalon_sgdma_do_sync_transfer
                0x000397d4                alt_avalon_sgdma_construct_mem_to_mem_desc
                0x00039844                alt_avalon_sgdma_construct_mem_to_mem_desc_burst
                0x000398c4                alt_avalon_sgdma_construct_stream_to_mem_desc
                0x00039918                alt_avalon_sgdma_construct_stream_to_mem_desc_burst
                0x00039988                alt_avalon_sgdma_construct_mem_to_stream_desc
                0x000399fc                alt_avalon_sgdma_construct_mem_to_stream_desc_burst
                0x00039a80                alt_avalon_sgdma_register_callback
                0x00039ad0                alt_avalon_sgdma_start
                0x00039b24                alt_avalon_sgdma_stop
                0x00039b7c                alt_avalon_sgdma_check_descriptor_status
                0x00039bec                alt_avalon_sgdma_open
                0x00039ca4                alt_avalon_sgdma_construct_descriptor
                0x00039d2c                alt_avalon_sgdma_enable_desc_poll
                0x00039da8                alt_avalon_sgdma_disable_desc_poll
                0x00039e04                alt_avalon_sgdma_construct_descriptor_burst
                0x0003a2ac                alt_avalon_sgdma_init
 .text          0x0003a358      0x238 ../trialwithsdddd_bsp/\libhal_bsp.a(altera_avalon_spi.o)
                0x0003a358                alt_avalon_spi_command
 .text          0x0003a590      0x100 ../trialwithsdddd_bsp/\libhal_bsp.a(altera_avalon_timer_sc.o)
                0x0003a600                alt_avalon_timer_sc_init
 .text          0x0003a690     0x1d90 ../trialwithsdddd_bsp/\libhal_bsp.a(sd_controller.o)
                0x0003a690                sd_controller_dev_init
                0x0003a74c                sd_controller_init
                0x0003aa3c                sd_set_clock_to_max
                0x0003aa98                sd_fat_mount_all
                0x0003aacc                sd_open
                0x0003ab04                sd_close
                0x0003ab34                sd_read
                0x0003ab74                sd_write
                0x0003abb4                sd_list
                0x0003abec                sd_isdir
                0x0003ac1c                sd_lseek
                0x0003ac5c                sd_fstat
                0x0003ac94                sd_filesize
                0x0003acc4                sd_remove
                0x0003acf4                sd_creat
                0x0003ad2c                sd_rename
                0x0003ad64                sd_mkdir
                0x0003ad9c                sd_rmdir
                0x0003adcc                sd_open_wrapper
                0x0003ae54                sd_close_wrapper
                0x0003aea8                sd_write_wrapper
                0x0003af00                sd_read_wrapper
                0x0003af50                sd_lseek_wrapper
                0x0003afa0                sd_fstat_wrapper
                0x0003afe8                sd_read_data_block
                0x0003b070                sd_write_data_block
                0x0003b0ec                rb_fat_read_sectors
                0x0003b1a8                rb_fat_write_sectors
                0x0003b260                sd_sendreceive_spi
                0x0003b7f4                sd_init_command_struct
                0x0003bb78                sd_parse_cid_register
                0x0003bd28                sd_parse_csd_register
                0x0003c100                sd_print_card_info
                0x0003c258                calc_crc16
                0x0003c34c                calc_crc7
 .text          0x0003c420      0x14c ../trialwithsdddd_bsp/\libhal_bsp.a(alt_busy_sleep.o)
                0x0003c420                alt_busy_sleep
 .text          0x0003c56c       0x78 ../trialwithsdddd_bsp/\libhal_bsp.a(alt_dcache_flush.o)
                0x0003c56c                alt_dcache_flush
 .text          0x0003c5e4      0x114 ../trialwithsdddd_bsp/\libhal_bsp.a(alt_dev_llist_insert.o)
                0x0003c5e4                alt_dev_llist_insert
 .text          0x0003c6f8       0x64 ../trialwithsdddd_bsp/\libhal_bsp.a(alt_do_ctors.o)
                0x0003c6f8                _do_ctors
 .text          0x0003c75c       0x64 ../trialwithsdddd_bsp/\libhal_bsp.a(alt_do_dtors.o)
                0x0003c75c                _do_dtors
 .text          0x0003c7c0       0x94 ../trialwithsdddd_bsp/\libhal_bsp.a(alt_find_dev.o)
                0x0003c7c0                alt_find_dev
 .text          0x0003c854      0x120 ../trialwithsdddd_bsp/\libhal_bsp.a(alt_find_file.o)
                0x0003c854                alt_find_file
 .text          0x0003c974       0xd0 ../trialwithsdddd_bsp/\libhal_bsp.a(alt_flash_dev.o)
                0x0003c974                alt_flash_open_dev
                0x0003c9f0                alt_flash_close_dev
 .text          0x0003ca44       0x90 ../trialwithsdddd_bsp/\libhal_bsp.a(alt_fs_reg.o)
                0x0003ca44                alt_fs_reg
 .text          0x0003cad4       0xb8 ../trialwithsdddd_bsp/\libhal_bsp.a(alt_get_fd.o)
                0x0003cad4                alt_get_fd
 .text          0x0003cb8c      0x1d4 ../trialwithsdddd_bsp/\libhal_bsp.a(alt_iic.o)
                0x0003cb8c                alt_ic_isr_register
                0x0003cbdc                alt_ic_irq_enable
                0x0003cc78                alt_ic_irq_disable
                0x0003cd18                alt_ic_irq_enabled
 .text          0x0003cd60       0xf8 ../trialwithsdddd_bsp/\libhal_bsp.a(alt_iic_isr_register.o)
                0x0003cd60                alt_iic_isr_register
 .text          0x0003ce58      0x13c ../trialwithsdddd_bsp/\libhal_bsp.a(alt_io_redirect.o)
                0x0003cf1c                alt_io_redirect
 .text          0x0003cf94        0x0 ../trialwithsdddd_bsp/\libhal_bsp.a(alt_irq_entry.o)
 .text          0x0003cf94        0x0 ../trialwithsdddd_bsp/\libhal_bsp.a(alt_irq_handler.o)
 .text          0x0003cf94       0x20 ../trialwithsdddd_bsp/\libhal_bsp.a(altera_nios2_qsys_irq.o)
                0x0003cf94                altera_nios2_qsys_irq_init
 .text          0x0003cfb4      0x460 ../trialwithsdddd_bsp/\libhal_bsp.a(altera_avalon_cfi_flash_amd.o)
                0x0003cfb4                alt_program_amd
                0x0003d01c                alt_erase_block_amd
 .text          0x0003d414      0x460 ../trialwithsdddd_bsp/\libhal_bsp.a(altera_avalon_cfi_flash_intel.o)
                0x0003d414                alt_program_intel
                0x0003d498                alt_erase_block_intel
 .text          0x0003d874     0x24f0 ../trialwithsdddd_bsp/\libhal_bsp.a(fat_file.o)
                0x0003d874                rb_fat_fstat
                0x0003d908                rb_fat_open
                0x0003dd78                rb_fat_close
                0x0003de78                readdir
                0x0003df68                rb_fat_opendir
                0x0003e16c                rb_fat_closedir
                0x0003e20c                disk_mount
                0x0003e338                disk_init
                0x0003e4ec                rb_fat_getc
                0x0003e534                rb_fat_disk_mount_all
                0x0003ed24                rb_fat_write
                0x0003edb8                rb_fat_read
                0x0003edfc                rb_fat_list
                0x0003ef6c                rb_isdir
                0x0003f070                rb_fat_lseek
                0x0003f3c0                rb_fat_filesize
                0x0003f448                rb_fat_creat
                0x0003f480                rb_fat_fsync
                0x0003f614                rb_fat_remove
                0x0003f704                rb_fat_rename
                0x0003f990                rb_fat_ftruncate
                0x0003fab8                rb_fat_mkdir
                0x0003fc44                rb_fat_rmdir
 .text          0x0003fd64        0x0 ../trialwithsdddd_bsp/\libhal_bsp.a(alt_exception_entry.o)
 .text          0x0003fd64     0x4ec8 ../trialwithsdddd_bsp/\libhal_bsp.a(fat.o)
                0x0003fd64                mutex_init
                0x0003fd8c                mutex_lock
                0x0003fdcc                mutex_unlock
                0x0003fe90                fat_size
                0x0003ff2c                fat_init
                0x0004029c                cache_fat_sector
                0x00040418                fat_recalc_free
                0x00040624                fat_find_bootsector
                0x000407d4                fat_mount
                0x000411cc                fat_getnext
                0x00042010                fat_readwrite
                0x000423a8                fat_open
                0x0004244c                utf16LEdecode
                0x00042594                utf8length
                0x00042610                utf8encode
                0x000438f0                fat_create_file
                0x00043c18                fat_create_dir
                0x00043ed0                fat_opendir
                0x00043f74                fat_seek
                0x00044118                char2dos
                0x00044354                utf8decode
                0x0004451c                fat_closewrite
                0x0004490c                fat_remove
                0x000449ec                fat_rename
                0x00044b90                fat_truncate
 .text          0x00044c2c       0x14 c:/altera/13.0sp1/nios2eds/bin/gnu/h-i686-mingw32/bin/../lib/gcc/nios2-elf/4.1.2/../../../../nios2-elf/lib\libc.a(lib_a-atexit.o)
                0x00044c2c                atexit
 .text          0x00044c40       0x10 c:/altera/13.0sp1/nios2eds/bin/gnu/h-i686-mingw32/bin/../lib/gcc/nios2-elf/4.1.2/../../../../nios2-elf/lib\libc.a(lib_a-errno.o)
                0x00044c40                __errno
 .text          0x00044c50       0x74 c:/altera/13.0sp1/nios2eds/bin/gnu/h-i686-mingw32/bin/../lib/gcc/nios2-elf/4.1.2/../../../../nios2-elf/lib\libc.a(lib_a-memcmp.o)
                0x00044c50                memcmp
 .text          0x00044cc4       0x94 c:/altera/13.0sp1/nios2eds/bin/gnu/h-i686-mingw32/bin/../lib/gcc/nios2-elf/4.1.2/../../../../nios2-elf/lib\libc.a(lib_a-rand.o)
                0x00044cc4                srand
                0x00044ce0                rand
 .text          0x00044d58      0x170 c:/altera/13.0sp1/nios2eds/bin/gnu/h-i686-mingw32/bin/../lib/gcc/nios2-elf/4.1.2/../../../../nios2-elf/lib\libc.a(lib_a-snprintf.o)
                0x00044d58                snprintf
                0x00044e14                _snprintf_r
 .text          0x00044ec8       0xb0 c:/altera/13.0sp1/nios2eds/bin/gnu/h-i686-mingw32/bin/../lib/gcc/nios2-elf/4.1.2/../../../../nios2-elf/lib\libc.a(lib_a-strcasecmp.o)
                0x00044ec8                strcasecmp
 .text          0x00044f78       0xbc c:/altera/13.0sp1/nios2eds/bin/gnu/h-i686-mingw32/bin/../lib/gcc/nios2-elf/4.1.2/../../../../nios2-elf/lib\libc.a(lib_a-strncpy.o)
                0x00044f78                strncpy
 .text          0x00045034       0x68 c:/altera/13.0sp1/nios2eds/bin/gnu/h-i686-mingw32/bin/../lib/gcc/nios2-elf/4.1.2/../../../../nios2-elf/lib\libc.a(lib_a-strrchr.o)
                0x00045034                strrchr
 .text          0x0004509c       0xac c:/altera/13.0sp1/nios2eds/bin/gnu/h-i686-mingw32/bin/../lib/gcc/nios2-elf/4.1.2/../../../../nios2-elf/lib\libc.a(lib_a-strtok_r.o)
                0x0004509c                __strtok_r
                0x00045140                strtok_r
 .text          0x00045148      0x134 c:/altera/13.0sp1/nios2eds/bin/gnu/h-i686-mingw32/bin/../lib/gcc/nios2-elf/4.1.2/../../../../nios2-elf/lib\libc.a(lib_a-__atexit.o)
                0x00045148                __register_exitproc
 .text          0x0004527c       0xe0 c:/altera/13.0sp1/nios2eds/bin/gnu/h-i686-mingw32/bin/../lib/gcc/nios2-elf/4.1.2/../../../../nios2-elf/lib\libc.a(lib_a-strchr.o)
                0x0004527c                strchr
 *(.gnu.warning.*)
 *(.fini)
                0x0004535c                PROVIDE (__etext, ABSOLUTE (.))
                0x0004535c                PROVIDE (_etext, ABSOLUTE (.))
                0x0004535c                PROVIDE (etext, ABSOLUTE (.))
 *(.eh_frame_hdr)
                0x0004535c                . = ALIGN (0x4)
                0x0004535c                PROVIDE (__preinit_array_start, ABSOLUTE (.))
 *(.preinit_array)
                0x0004535c                PROVIDE (__preinit_array_end, ABSOLUTE (.))
                0x0004535c                PROVIDE (__init_array_start, ABSOLUTE (.))
 *(.init_array)
                0x0004535c                PROVIDE (__init_array_end, ABSOLUTE (.))
                0x0004535c                PROVIDE (__fini_array_start, ABSOLUTE (.))
 *(.fini_array)
                0x0004535c                PROVIDE (__fini_array_end, ABSOLUTE (.))
 *(.eh_frame)
 *(.gcc_except_table)
 *(.dynamic)
                0x0004535c                PROVIDE (__CTOR_LIST__, ABSOLUTE (.))
 *(.ctors)
 *(SORT(.ctors.*))
 .ctors.65535   0x0004535c        0x4 c:/altera/13.0sp1/nios2eds/bin/gnu/h-i686-mingw32/bin/../lib/gcc/nios2-elf/4.1.2/../../../../nios2-elf/lib\libc.a(lib_a-__call_atexit.o)
                0x00045360                PROVIDE (__CTOR_END__, ABSOLUTE (.))
                0x00045360                PROVIDE (__DTOR_LIST__, ABSOLUTE (.))
 *(.dtors)
 *(SORT(.dtors.*))
                0x00045360                PROVIDE (__DTOR_END__, ABSOLUTE (.))
 *(.jcr)
                0x00045360                . = ALIGN (0x4)

.rodata         0x00045360    0x1c324
                0x00045360                PROVIDE (__ram_rodata_start, ABSOLUTE (.))
                0x00045360                . = ALIGN (0x4)
 *(.rodata .rodata.* .gnu.linkonce.r.*)
 .rodata        0x00045360      0x108 obj/default/alt_tpo_lcd/alt_tpo_lcd.o
 .rodata        0x00045468     0x77f2 obj/default/fonts/tahomabold_20.o
 .rodata        0x0004cc5a    0x12520 obj/default/fonts/tahomabold_32.o
 *fill*         0x0005f17a        0x2 00
 .rodata        0x0005f17c      0x178 obj/default/hello_world.o
 .rodata        0x0005f2f4       0xc0 obj/default/jpeg/jddctmgr.o
 .rodata        0x0005f3b4       0x80 obj/default/jpeg/jdhuff.o
 .rodata        0x0005f434       0x80 obj/default/jpeg/jdphuff.o
 .rodata        0x0005f4b4     0x1484 obj/default/jpeg/jerror.o
                0x00060740                jpeg_std_message_table
 .rodata        0x00060938       0x10 obj/default/jpeg/jmemmgr.o
 .rodata        0x00060948      0x10c obj/default/jpeg/jquant1.o
 .rodata        0x00060a54      0x140 obj/default/jpeg/jutils.o
                0x00060a54                jpeg_natural_order
 .rodata        0x00060b94       0x10 c:/altera/13.0sp1/nios2eds/bin/gnu/h-i686-mingw32/bin/../lib/gcc/nios2-elf/4.1.2\libgcc.a(_thenan_sf.o)
                0x00060b94                __thenan_sf
 .rodata        0x00060ba4       0x14 c:/altera/13.0sp1/nios2eds/bin/gnu/h-i686-mingw32/bin/../lib/gcc/nios2-elf/4.1.2\libgcc.a(_thenan_df.o)
                0x00060ba4                __thenan_df
 .rodata        0x00060bb8      0x100 c:/altera/13.0sp1/nios2eds/bin/gnu/h-i686-mingw32/bin/../lib/gcc/nios2-elf/4.1.2\libgcc.a(_clz.o)
                0x00060bb8                __clz_tab
 .rodata        0x00060cb8      0x281 c:/altera/13.0sp1/nios2eds/bin/gnu/h-i686-mingw32/bin/../lib/gcc/nios2-elf/4.1.2/../../../../nios2-elf/lib\libc.a(lib_a-ctype_.o)
                0x00060cb8                _ctype_
 *fill*         0x00060f39        0x3 00
 .rodata.str1.4
                0x00060f3c        0x2 c:/altera/13.0sp1/nios2eds/bin/gnu/h-i686-mingw32/bin/../lib/gcc/nios2-elf/4.1.2/../../../../nios2-elf/lib\libc.a(lib_a-impure.o)
                                  0x4 (size before relaxing)
 *fill*         0x00060f3e        0x2 00
 .rodata.str1.4
                0x00060f40        0x2 c:/altera/13.0sp1/nios2eds/bin/gnu/h-i686-mingw32/bin/../lib/gcc/nios2-elf/4.1.2/../../../../nios2-elf/lib\libc.a(lib_a-puts.o)
                                  0x4 (size before relaxing)
 *fill*         0x00060f42        0x2 00
 .rodata.str1.4
                0x00060f44       0x5e c:/altera/13.0sp1/nios2eds/bin/gnu/h-i686-mingw32/bin/../lib/gcc/nios2-elf/4.1.2/../../../../nios2-elf/lib\libc.a(lib_a-vfprintf.o)
                                 0x60 (size before relaxing)
 .rodata        0x00060fa2       0x20 c:/altera/13.0sp1/nios2eds/bin/gnu/h-i686-mingw32/bin/../lib/gcc/nios2-elf/4.1.2/../../../../nios2-elf/lib\libc.a(lib_a-vfprintf.o)
 *fill*         0x00060fc2        0x2 00
 .rodata.str1.4
                0x00060fc4        0x5 c:/altera/13.0sp1/nios2eds/bin/gnu/h-i686-mingw32/bin/../lib/gcc/nios2-elf/4.1.2/../../../../nios2-elf/lib\libc.a(lib_a-vfscanf.o)
                                  0x8 (size before relaxing)
 *fill*         0x00060fc9        0x1 00
 .rodata        0x00060fca       0x22 c:/altera/13.0sp1/nios2eds/bin/gnu/h-i686-mingw32/bin/../lib/gcc/nios2-elf/4.1.2/../../../../nios2-elf/lib\libc.a(lib_a-vfscanf.o)
 .rodata.str1.4
                0x00060fec       0x10 c:/altera/13.0sp1/nios2eds/bin/gnu/h-i686-mingw32/bin/../lib/gcc/nios2-elf/4.1.2/../../../../nios2-elf/lib\libc.a(lib_a-dtoa.o)
                                 0x14 (size before relaxing)
 .rodata.str1.4
                0x00060ffc        0xf c:/altera/13.0sp1/nios2eds/bin/gnu/h-i686-mingw32/bin/../lib/gcc/nios2-elf/4.1.2/../../../../nios2-elf/lib\libc.a(lib_a-locale.o)
                                 0x18 (size before relaxing)
 *fill*         0x0006100b        0x1 00
 .rodata        0x0006100c       0x30 c:/altera/13.0sp1/nios2eds/bin/gnu/h-i686-mingw32/bin/../lib/gcc/nios2-elf/4.1.2/../../../../nios2-elf/lib\libc.a(lib_a-locale.o)
 .rodata.str1.4
                0x00000000        0x4 c:/altera/13.0sp1/nios2eds/bin/gnu/h-i686-mingw32/bin/../lib/gcc/nios2-elf/4.1.2/../../../../nios2-elf/lib\libc.a(lib_a-mbrtowc.o)
 .rodata        0x0006103c      0x124 c:/altera/13.0sp1/nios2eds/bin/gnu/h-i686-mingw32/bin/../lib/gcc/nios2-elf/4.1.2/../../../../nios2-elf/lib\libc.a(lib_a-mprec.o)
                0x0006103c                __mprec_tens
                0x00061104                __mprec_bigtens
                0x0006112c                __mprec_tinytens
 .rodata.str1.4
                0x00061160        0xf c:/altera/13.0sp1/nios2eds/bin/gnu/h-i686-mingw32/bin/../lib/gcc/nios2-elf/4.1.2/../../../../nios2-elf/lib\libc.a(lib_a-strtod.o)
                                 0x10 (size before relaxing)
 *fill*         0x0006116f        0x1 00
 .rodata        0x00061170       0x28 c:/altera/13.0sp1/nios2eds/bin/gnu/h-i686-mingw32/bin/../lib/gcc/nios2-elf/4.1.2/../../../../nios2-elf/lib\libc.a(lib_a-strtod.o)
 .rodata.str1.4
                0x00061198       0x1c c:/altera/13.0sp1/nios2eds/bin/gnu/h-i686-mingw32/bin/../lib/gcc/nios2-elf/4.1.2/../../../../nios2-elf/lib\libc.a(lib_a-gdtoa-gethex.o)
 .rodata        0x000611b4        0xc ../trialwithsdddd_bsp/\libhal_bsp.a(alt_dev.o)
 .rodata        0x000611c0       0x10 ../trialwithsdddd_bsp/\libhal_bsp.a(alt_main.o)
 .rodata        0x000611d0       0x4c ../trialwithsdddd_bsp/\libhal_bsp.a(alt_sys_init.o)
 .rodata        0x0006121c      0x2c4 ../trialwithsdddd_bsp/\libhal_bsp.a(sd_controller.o)
 .rodata        0x000614e0        0xc ../trialwithsdddd_bsp/\libhal_bsp.a(fat_file.o)
 .rodata        0x000614ec      0x198 ../trialwithsdddd_bsp/\libhal_bsp.a(fat.o)
 *(.rodata1)
                0x00061684                . = ALIGN (0x4)
                0x00061684                PROVIDE (__ram_rodata_end, ABSOLUTE (.))
                0x00045360                PROVIDE (__flash_rodata_start, LOADADDR (.rodata))

.rwdata         0x00061684     0xa7bc
                0x00061684                PROVIDE (__ram_rwdata_start, ABSOLUTE (.))
                0x00061684                . = ALIGN (0x4)
 *(.got.plt)
 *(.got)
 *(.data1)
 *(.data .data.* .gnu.linkonce.d.*)
 .data          0x00061684        0x0 ../trialwithsdddd_bsp//obj/HAL/src/crt0.o
 .data          0x00061684        0x0 obj/default/alt_touchscreen.o
 .data          0x00061684        0x0 obj/default/alt_tpo_lcd/alt_tpo_lcd.o
 .data          0x00061684        0x0 obj/default/alt_video_display.o
 .data          0x00061684      0xbc0 obj/default/fonts/tahomabold_20.o
                0x00061684                tahomabold_20
 .data          0x00062244      0xbc0 obj/default/fonts/tahomabold_32.o
                0x00062244                tahomabold_32
 .data          0x00062e04      0x415 obj/default/graphics_lib/simple_graphics.o
                0x00062e04                cour10_font_array
 .data          0x00063219        0x0 obj/default/graphics_lib/simple_text.o
 *fill*         0x00063219        0x3 00
 .data          0x0006321c     0x7000 obj/default/hello_world.o
                0x0006321c                add_b
                0x0006421c                backward_b
                0x0006521c                forward_b
                0x0006621c                minus_b
                0x0006721c                pause_b
                0x0006821c                play_b
                0x0006921c                toolbox_b
 .data          0x0006a21c        0x0 obj/default/jpeg/cdjpeg.o
 .data          0x0006a21c        0x0 obj/default/jpeg/jcomapi.o
 .data          0x0006a21c        0x0 obj/default/jpeg/jdapimin.o
 .data          0x0006a21c        0x0 obj/default/jpeg/jdapistd.o
 .data          0x0006a21c        0x0 obj/default/jpeg/jdatasrc.o
 .data          0x0006a21c        0x0 obj/default/jpeg/jdcoefct.o
 .data          0x0006a21c        0x0 obj/default/jpeg/jdcolor.o
 .data          0x0006a21c        0x0 obj/default/jpeg/jddctmgr.o
 .data          0x0006a21c        0x0 obj/default/jpeg/jdhuff.o
 .data          0x0006a21c        0x0 obj/default/jpeg/jdinput.o
 .data          0x0006a21c        0x0 obj/default/jpeg/jdmainct.o
 .data          0x0006a21c        0x0 obj/default/jpeg/jdmarker.o
 .data          0x0006a21c        0x0 obj/default/jpeg/jdmaster.o
 .data          0x0006a21c        0x0 obj/default/jpeg/jdmerge.o
 .data          0x0006a21c        0x0 obj/default/jpeg/jdphuff.o
 .data          0x0006a21c        0x0 obj/default/jpeg/jdpostct.o
 .data          0x0006a21c        0x0 obj/default/jpeg/jdsample.o
 .data          0x0006a21c        0x0 obj/default/jpeg/jerror.o
 .data          0x0006a21c        0x0 obj/default/jpeg/jfdctflt.o
 .data          0x0006a21c        0x0 obj/default/jpeg/jfdctfst.o
 .data          0x0006a21c        0x0 obj/default/jpeg/jfdctint.o
 .data          0x0006a21c        0x0 obj/default/jpeg/jidctflt.o
 .data          0x0006a21c        0x0 obj/default/jpeg/jidctfst.o
 .data          0x0006a21c        0x0 obj/default/jpeg/jidctint.o
 .data          0x0006a21c        0x0 obj/default/jpeg/jidctred.o
 .data          0x0006a21c        0x0 obj/default/jpeg/jmemmgr.o
 .data          0x0006a21c        0x0 obj/default/jpeg/jmemnobs.o
 .data          0x0006a21c        0x0 obj/default/jpeg/jquant1.o
 .data          0x0006a21c        0x0 obj/default/jpeg/jquant2.o
 .data          0x0006a21c        0x0 obj/default/jpeg/jutils.o
 .data          0x0006a21c        0x0 obj/default/jpeg/rdcolmap.o
 .data          0x0006a21c        0x0 obj/default/touch_spi.o
 .data          0x0006a21c        0x0 c:/altera/13.0sp1/nios2eds/bin/gnu/h-i686-mingw32/bin/../lib/gcc/nios2-elf/4.1.2\libgcc.a(_addsub_sf.o)
 .data          0x0006a21c        0x0 c:/altera/13.0sp1/nios2eds/bin/gnu/h-i686-mingw32/bin/../lib/gcc/nios2-elf/4.1.2\libgcc.a(_mul_sf.o)
 .data          0x0006a21c        0x0 c:/altera/13.0sp1/nios2eds/bin/gnu/h-i686-mingw32/bin/../lib/gcc/nios2-elf/4.1.2\libgcc.a(_div_sf.o)
 .data          0x0006a21c        0x0 c:/altera/13.0sp1/nios2eds/bin/gnu/h-i686-mingw32/bin/../lib/gcc/nios2-elf/4.1.2\libgcc.a(_gt_sf.o)
 .data          0x0006a21c        0x0 c:/altera/13.0sp1/nios2eds/bin/gnu/h-i686-mingw32/bin/../lib/gcc/nios2-elf/4.1.2\libgcc.a(_ge_sf.o)
 .data          0x0006a21c        0x0 c:/altera/13.0sp1/nios2eds/bin/gnu/h-i686-mingw32/bin/../lib/gcc/nios2-elf/4.1.2\libgcc.a(_lt_sf.o)
 .data          0x0006a21c        0x0 c:/altera/13.0sp1/nios2eds/bin/gnu/h-i686-mingw32/bin/../lib/gcc/nios2-elf/4.1.2\libgcc.a(_si_to_sf.o)
 .data          0x0006a21c        0x0 c:/altera/13.0sp1/nios2eds/bin/gnu/h-i686-mingw32/bin/../lib/gcc/nios2-elf/4.1.2\libgcc.a(_sf_to_si.o)
 .data          0x0006a21c        0x0 c:/altera/13.0sp1/nios2eds/bin/gnu/h-i686-mingw32/bin/../lib/gcc/nios2-elf/4.1.2\libgcc.a(_thenan_sf.o)
 .data          0x0006a21c        0x0 c:/altera/13.0sp1/nios2eds/bin/gnu/h-i686-mingw32/bin/../lib/gcc/nios2-elf/4.1.2\libgcc.a(_usi_to_sf.o)
 .data          0x0006a21c        0x0 c:/altera/13.0sp1/nios2eds/bin/gnu/h-i686-mingw32/bin/../lib/gcc/nios2-elf/4.1.2\libgcc.a(_mul_df.o)
 .data          0x0006a21c        0x0 c:/altera/13.0sp1/nios2eds/bin/gnu/h-i686-mingw32/bin/../lib/gcc/nios2-elf/4.1.2\libgcc.a(_df_to_sf.o)
 .data          0x0006a21c        0x0 c:/altera/13.0sp1/nios2eds/bin/gnu/h-i686-mingw32/bin/../lib/gcc/nios2-elf/4.1.2\libgcc.a(_thenan_df.o)
 .data          0x0006a21c        0x0 c:/altera/13.0sp1/nios2eds/bin/gnu/h-i686-mingw32/bin/../lib/gcc/nios2-elf/4.1.2\libgcc.a(_usi_to_df.o)
 .data          0x0006a21c        0x0 c:/altera/13.0sp1/nios2eds/bin/gnu/h-i686-mingw32/bin/../lib/gcc/nios2-elf/4.1.2\libgcc.a(lib2-divmod.o)
 .data          0x0006a21c        0x0 c:/altera/13.0sp1/nios2eds/bin/gnu/h-i686-mingw32/bin/../lib/gcc/nios2-elf/4.1.2\libgcc.a(_muldi3.o)
 .data          0x0006a21c        0x0 c:/altera/13.0sp1/nios2eds/bin/gnu/h-i686-mingw32/bin/../lib/gcc/nios2-elf/4.1.2\libgcc.a(_clzsi2.o)
 .data          0x0006a21c        0x0 c:/altera/13.0sp1/nios2eds/bin/gnu/h-i686-mingw32/bin/../lib/gcc/nios2-elf/4.1.2\libgcc.a(_pack_sf.o)
 .data          0x0006a21c        0x0 c:/altera/13.0sp1/nios2eds/bin/gnu/h-i686-mingw32/bin/../lib/gcc/nios2-elf/4.1.2\libgcc.a(_unpack_sf.o)
 .data          0x0006a21c        0x0 c:/altera/13.0sp1/nios2eds/bin/gnu/h-i686-mingw32/bin/../lib/gcc/nios2-elf/4.1.2\libgcc.a(_fpcmp_parts_sf.o)
 .data          0x0006a21c        0x0 c:/altera/13.0sp1/nios2eds/bin/gnu/h-i686-mingw32/bin/../lib/gcc/nios2-elf/4.1.2\libgcc.a(_make_sf.o)
 .data          0x0006a21c        0x0 c:/altera/13.0sp1/nios2eds/bin/gnu/h-i686-mingw32/bin/../lib/gcc/nios2-elf/4.1.2\libgcc.a(_pack_df.o)
 .data          0x0006a21c        0x0 c:/altera/13.0sp1/nios2eds/bin/gnu/h-i686-mingw32/bin/../lib/gcc/nios2-elf/4.1.2\libgcc.a(_unpack_df.o)
 .data          0x0006a21c        0x0 c:/altera/13.0sp1/nios2eds/bin/gnu/h-i686-mingw32/bin/../lib/gcc/nios2-elf/4.1.2\libgcc.a(_clz.o)
 .data          0x0006a21c        0x0 c:/altera/13.0sp1/nios2eds/bin/gnu/h-i686-mingw32/bin/../lib/gcc/nios2-elf/4.1.2/../../../../nios2-elf/lib\libc.a(lib_a-ctype_.o)
 .data          0x0006a21c        0x0 c:/altera/13.0sp1/nios2eds/bin/gnu/h-i686-mingw32/bin/../lib/gcc/nios2-elf/4.1.2/../../../../nios2-elf/lib\libc.a(lib_a-exit.o)
 .data          0x0006a21c        0x0 c:/altera/13.0sp1/nios2eds/bin/gnu/h-i686-mingw32/bin/../lib/gcc/nios2-elf/4.1.2/../../../../nios2-elf/lib\libc.a(lib_a-fclose.o)
 .data          0x0006a21c        0x0 c:/altera/13.0sp1/nios2eds/bin/gnu/h-i686-mingw32/bin/../lib/gcc/nios2-elf/4.1.2/../../../../nios2-elf/lib\libc.a(lib_a-fflush.o)
 .data          0x0006a21c        0x0 c:/altera/13.0sp1/nios2eds/bin/gnu/h-i686-mingw32/bin/../lib/gcc/nios2-elf/4.1.2/../../../../nios2-elf/lib\libc.a(lib_a-findfp.o)
 .data          0x0006a21c        0x0 c:/altera/13.0sp1/nios2eds/bin/gnu/h-i686-mingw32/bin/../lib/gcc/nios2-elf/4.1.2/../../../../nios2-elf/lib\libc.a(lib_a-fopen.o)
 .data          0x0006a21c        0x0 c:/altera/13.0sp1/nios2eds/bin/gnu/h-i686-mingw32/bin/../lib/gcc/nios2-elf/4.1.2/../../../../nios2-elf/lib\libc.a(lib_a-fprintf.o)
 .data          0x0006a21c        0x0 c:/altera/13.0sp1/nios2eds/bin/gnu/h-i686-mingw32/bin/../lib/gcc/nios2-elf/4.1.2/../../../../nios2-elf/lib\libc.a(lib_a-fread.o)
 .data          0x0006a21c        0x0 c:/altera/13.0sp1/nios2eds/bin/gnu/h-i686-mingw32/bin/../lib/gcc/nios2-elf/4.1.2/../../../../nios2-elf/lib\libc.a(lib_a-freer.o)
 .data          0x0006a21c        0x0 c:/altera/13.0sp1/nios2eds/bin/gnu/h-i686-mingw32/bin/../lib/gcc/nios2-elf/4.1.2/../../../../nios2-elf/lib\libc.a(lib_a-fseek.o)
 .data          0x0006a21c        0x0 c:/altera/13.0sp1/nios2eds/bin/gnu/h-i686-mingw32/bin/../lib/gcc/nios2-elf/4.1.2/../../../../nios2-elf/lib\libc.a(lib_a-fstatr.o)
 .data          0x0006a21c        0x0 c:/altera/13.0sp1/nios2eds/bin/gnu/h-i686-mingw32/bin/../lib/gcc/nios2-elf/4.1.2/../../../../nios2-elf/lib\libc.a(lib_a-fwalk.o)
 .data          0x0006a21c        0x0 c:/altera/13.0sp1/nios2eds/bin/gnu/h-i686-mingw32/bin/../lib/gcc/nios2-elf/4.1.2/../../../../nios2-elf/lib\libc.a(lib_a-getc.o)
 .data          0x0006a21c        0x0 c:/altera/13.0sp1/nios2eds/bin/gnu/h-i686-mingw32/bin/../lib/gcc/nios2-elf/4.1.2/../../../../nios2-elf/lib\libc.a(lib_a-getenv.o)
 .data          0x0006a21c        0x0 c:/altera/13.0sp1/nios2eds/bin/gnu/h-i686-mingw32/bin/../lib/gcc/nios2-elf/4.1.2/../../../../nios2-elf/lib\libc.a(lib_a-getenv_r.o)
 .data          0x0006a21c      0x400 c:/altera/13.0sp1/nios2eds/bin/gnu/h-i686-mingw32/bin/../lib/gcc/nios2-elf/4.1.2/../../../../nios2-elf/lib\libc.a(lib_a-impure.o)
 .data          0x0006a61c        0x0 c:/altera/13.0sp1/nios2eds/bin/gnu/h-i686-mingw32/bin/../lib/gcc/nios2-elf/4.1.2/../../../../nios2-elf/lib\libc.a(lib_a-int_errno.o)
 .data          0x0006a61c        0x0 c:/altera/13.0sp1/nios2eds/bin/gnu/h-i686-mingw32/bin/../lib/gcc/nios2-elf/4.1.2/../../../../nios2-elf/lib\libc.a(lib_a-makebuf.o)
 .data          0x0006a61c        0x0 c:/altera/13.0sp1/nios2eds/bin/gnu/h-i686-mingw32/bin/../lib/gcc/nios2-elf/4.1.2/../../../../nios2-elf/lib\libc.a(lib_a-malign.o)
 .data          0x0006a61c        0x0 c:/altera/13.0sp1/nios2eds/bin/gnu/h-i686-mingw32/bin/../lib/gcc/nios2-elf/4.1.2/../../../../nios2-elf/lib\libc.a(lib_a-malignr.o)
 .data          0x0006a61c        0x0 c:/altera/13.0sp1/nios2eds/bin/gnu/h-i686-mingw32/bin/../lib/gcc/nios2-elf/4.1.2/../../../../nios2-elf/lib\libc.a(lib_a-malloc.o)
 .data          0x0006a61c      0x408 c:/altera/13.0sp1/nios2eds/bin/gnu/h-i686-mingw32/bin/../lib/gcc/nios2-elf/4.1.2/../../../../nios2-elf/lib\libc.a(lib_a-mallocr.o)
                0x0006a61c                __malloc_av_
 .data          0x0006aa24        0x0 c:/altera/13.0sp1/nios2eds/bin/gnu/h-i686-mingw32/bin/../lib/gcc/nios2-elf/4.1.2/../../../../nios2-elf/lib\libc.a(lib_a-memcpy.o)
 .data          0x0006aa24        0x0 c:/altera/13.0sp1/nios2eds/bin/gnu/h-i686-mingw32/bin/../lib/gcc/nios2-elf/4.1.2/../../../../nios2-elf/lib\libc.a(lib_a-memset.o)
 .data          0x0006aa24        0x0 c:/altera/13.0sp1/nios2eds/bin/gnu/h-i686-mingw32/bin/../lib/gcc/nios2-elf/4.1.2/../../../../nios2-elf/lib\libc.a(lib_a-openr.o)
 .data          0x0006aa24        0x0 c:/altera/13.0sp1/nios2eds/bin/gnu/h-i686-mingw32/bin/../lib/gcc/nios2-elf/4.1.2/../../../../nios2-elf/lib\libc.a(lib_a-printf.o)
 .data          0x0006aa24        0x0 c:/altera/13.0sp1/nios2eds/bin/gnu/h-i686-mingw32/bin/../lib/gcc/nios2-elf/4.1.2/../../../../nios2-elf/lib\libc.a(lib_a-puts.o)
 .data          0x0006aa24        0x0 c:/altera/13.0sp1/nios2eds/bin/gnu/h-i686-mingw32/bin/../lib/gcc/nios2-elf/4.1.2/../../../../nios2-elf/lib\libc.a(lib_a-refill.o)
 .data          0x0006aa24        0x0 c:/altera/13.0sp1/nios2eds/bin/gnu/h-i686-mingw32/bin/../lib/gcc/nios2-elf/4.1.2/../../../../nios2-elf/lib\libc.a(lib_a-rget.o)
 .data          0x0006aa24        0x0 c:/altera/13.0sp1/nios2eds/bin/gnu/h-i686-mingw32/bin/../lib/gcc/nios2-elf/4.1.2/../../../../nios2-elf/lib\libc.a(lib_a-sbrkr.o)
 .data          0x0006aa24        0x0 c:/altera/13.0sp1/nios2eds/bin/gnu/h-i686-mingw32/bin/../lib/gcc/nios2-elf/4.1.2/../../../../nios2-elf/lib\libc.a(lib_a-sprintf.o)
 .data          0x0006aa24        0x0 c:/altera/13.0sp1/nios2eds/bin/gnu/h-i686-mingw32/bin/../lib/gcc/nios2-elf/4.1.2/../../../../nios2-elf/lib\libc.a(lib_a-sscanf.o)
 .data          0x0006aa24        0x0 c:/altera/13.0sp1/nios2eds/bin/gnu/h-i686-mingw32/bin/../lib/gcc/nios2-elf/4.1.2/../../../../nios2-elf/lib\libc.a(lib_a-stdio.o)
 .data          0x0006aa24        0x0 c:/altera/13.0sp1/nios2eds/bin/gnu/h-i686-mingw32/bin/../lib/gcc/nios2-elf/4.1.2/../../../../nios2-elf/lib\libc.a(lib_a-strcpy.o)
 .data          0x0006aa24        0x0 c:/altera/13.0sp1/nios2eds/bin/gnu/h-i686-mingw32/bin/../lib/gcc/nios2-elf/4.1.2/../../../../nios2-elf/lib\libc.a(lib_a-strlen.o)
 .data          0x0006aa24        0x0 c:/altera/13.0sp1/nios2eds/bin/gnu/h-i686-mingw32/bin/../lib/gcc/nios2-elf/4.1.2/../../../../nios2-elf/lib\libc.a(lib_a-strncmp.o)
 .data          0x0006aa24        0x0 c:/altera/13.0sp1/nios2eds/bin/gnu/h-i686-mingw32/bin/../lib/gcc/nios2-elf/4.1.2/../../../../nios2-elf/lib\libc.a(lib_a-vfprintf.o)
 .data          0x0006aa24        0x0 c:/altera/13.0sp1/nios2eds/bin/gnu/h-i686-mingw32/bin/../lib/gcc/nios2-elf/4.1.2/../../../../nios2-elf/lib\libc.a(lib_a-vfscanf.o)
 .data          0x0006aa24        0x0 c:/altera/13.0sp1/nios2eds/bin/gnu/h-i686-mingw32/bin/../lib/gcc/nios2-elf/4.1.2/../../../../nios2-elf/lib\libc.a(lib_a-writer.o)
 .data          0x0006aa24        0x0 c:/altera/13.0sp1/nios2eds/bin/gnu/h-i686-mingw32/bin/../lib/gcc/nios2-elf/4.1.2/../../../../nios2-elf/lib\libc.a(lib_a-wsetup.o)
 .data          0x0006aa24        0x0 c:/altera/13.0sp1/nios2eds/bin/gnu/h-i686-mingw32/bin/../lib/gcc/nios2-elf/4.1.2/../../../../nios2-elf/lib\libc.a(lib_a-__call_atexit.o)
 .data          0x0006aa24        0x0 c:/altera/13.0sp1/nios2eds/bin/gnu/h-i686-mingw32/bin/../lib/gcc/nios2-elf/4.1.2/../../../../nios2-elf/lib\libc.a(lib_a-closer.o)
 .data          0x0006aa24        0x0 c:/altera/13.0sp1/nios2eds/bin/gnu/h-i686-mingw32/bin/../lib/gcc/nios2-elf/4.1.2/../../../../nios2-elf/lib\libc.a(lib_a-dtoa.o)
 .data          0x0006aa24        0x0 c:/altera/13.0sp1/nios2eds/bin/gnu/h-i686-mingw32/bin/../lib/gcc/nios2-elf/4.1.2/../../../../nios2-elf/lib\libc.a(lib_a-environ.o)
 .data          0x0006aa24        0x0 c:/altera/13.0sp1/nios2eds/bin/gnu/h-i686-mingw32/bin/../lib/gcc/nios2-elf/4.1.2/../../../../nios2-elf/lib\libc.a(lib_a-flags.o)
 .data          0x0006aa24        0x0 c:/altera/13.0sp1/nios2eds/bin/gnu/h-i686-mingw32/bin/../lib/gcc/nios2-elf/4.1.2/../../../../nios2-elf/lib\libc.a(lib_a-fvwrite.o)
 .data          0x0006aa24        0x0 c:/altera/13.0sp1/nios2eds/bin/gnu/h-i686-mingw32/bin/../lib/gcc/nios2-elf/4.1.2/../../../../nios2-elf/lib\libc.a(lib_a-isattyr.o)
 .data          0x0006aa24        0x0 c:/altera/13.0sp1/nios2eds/bin/gnu/h-i686-mingw32/bin/../lib/gcc/nios2-elf/4.1.2/../../../../nios2-elf/lib\libc.a(lib_a-iswspace.o)
 .data          0x0006aa24        0xc c:/altera/13.0sp1/nios2eds/bin/gnu/h-i686-mingw32/bin/../lib/gcc/nios2-elf/4.1.2/../../../../nios2-elf/lib\libc.a(lib_a-locale.o)
                0x0006aa24                __lc_ctype
 .data          0x0006aa30        0x0 c:/altera/13.0sp1/nios2eds/bin/gnu/h-i686-mingw32/bin/../lib/gcc/nios2-elf/4.1.2/../../../../nios2-elf/lib\libc.a(lib_a-lseekr.o)
 .data          0x0006aa30        0x0 c:/altera/13.0sp1/nios2eds/bin/gnu/h-i686-mingw32/bin/../lib/gcc/nios2-elf/4.1.2/../../../../nios2-elf/lib\libc.a(lib_a-mbrtowc.o)
 .data          0x0006aa30        0x0 c:/altera/13.0sp1/nios2eds/bin/gnu/h-i686-mingw32/bin/../lib/gcc/nios2-elf/4.1.2/../../../../nios2-elf/lib\libc.a(lib_a-mbtowc_r.o)
 .data          0x0006aa30        0x0 c:/altera/13.0sp1/nios2eds/bin/gnu/h-i686-mingw32/bin/../lib/gcc/nios2-elf/4.1.2/../../../../nios2-elf/lib\libc.a(lib_a-memchr.o)
 .data          0x0006aa30        0x0 c:/altera/13.0sp1/nios2eds/bin/gnu/h-i686-mingw32/bin/../lib/gcc/nios2-elf/4.1.2/../../../../nios2-elf/lib\libc.a(lib_a-memmove.o)
 .data          0x0006aa30        0x0 c:/altera/13.0sp1/nios2eds/bin/gnu/h-i686-mingw32/bin/../lib/gcc/nios2-elf/4.1.2/../../../../nios2-elf/lib\libc.a(lib_a-mprec.o)
 .data          0x0006aa30        0x0 c:/altera/13.0sp1/nios2eds/bin/gnu/h-i686-mingw32/bin/../lib/gcc/nios2-elf/4.1.2/../../../../nios2-elf/lib\libc.a(lib_a-readr.o)
 .data          0x0006aa30        0x0 c:/altera/13.0sp1/nios2eds/bin/gnu/h-i686-mingw32/bin/../lib/gcc/nios2-elf/4.1.2/../../../../nios2-elf/lib\libc.a(lib_a-reallocr.o)
 .data          0x0006aa30        0x0 c:/altera/13.0sp1/nios2eds/bin/gnu/h-i686-mingw32/bin/../lib/gcc/nios2-elf/4.1.2/../../../../nios2-elf/lib\libc.a(lib_a-s_isinfd.o)
 .data          0x0006aa30        0x0 c:/altera/13.0sp1/nios2eds/bin/gnu/h-i686-mingw32/bin/../lib/gcc/nios2-elf/4.1.2/../../../../nios2-elf/lib\libc.a(lib_a-s_isnand.o)
 .data          0x0006aa30        0x0 c:/altera/13.0sp1/nios2eds/bin/gnu/h-i686-mingw32/bin/../lib/gcc/nios2-elf/4.1.2/../../../../nios2-elf/lib\libc.a(lib_a-sccl.o)
 .data          0x0006aa30        0x0 c:/altera/13.0sp1/nios2eds/bin/gnu/h-i686-mingw32/bin/../lib/gcc/nios2-elf/4.1.2/../../../../nios2-elf/lib\libc.a(lib_a-sf_nan.o)
 .data          0x0006aa30        0x0 c:/altera/13.0sp1/nios2eds/bin/gnu/h-i686-mingw32/bin/../lib/gcc/nios2-elf/4.1.2/../../../../nios2-elf/lib\libc.a(lib_a-strcmp.o)
 .data          0x0006aa30       0x28 c:/altera/13.0sp1/nios2eds/bin/gnu/h-i686-mingw32/bin/../lib/gcc/nios2-elf/4.1.2/../../../../nios2-elf/lib\libc.a(lib_a-strtod.o)
 .data          0x0006aa58        0x0 c:/altera/13.0sp1/nios2eds/bin/gnu/h-i686-mingw32/bin/../lib/gcc/nios2-elf/4.1.2/../../../../nios2-elf/lib\libc.a(lib_a-strtol.o)
 .data          0x0006aa58        0x0 c:/altera/13.0sp1/nios2eds/bin/gnu/h-i686-mingw32/bin/../lib/gcc/nios2-elf/4.1.2/../../../../nios2-elf/lib\libc.a(lib_a-strtoll_r.o)
 .data          0x0006aa58        0x0 c:/altera/13.0sp1/nios2eds/bin/gnu/h-i686-mingw32/bin/../lib/gcc/nios2-elf/4.1.2/../../../../nios2-elf/lib\libc.a(lib_a-strtoul.o)
 .data          0x0006aa58        0x0 c:/altera/13.0sp1/nios2eds/bin/gnu/h-i686-mingw32/bin/../lib/gcc/nios2-elf/4.1.2/../../../../nios2-elf/lib\libc.a(lib_a-strtoull_r.o)
 .data          0x0006aa58        0x0 c:/altera/13.0sp1/nios2eds/bin/gnu/h-i686-mingw32/bin/../lib/gcc/nios2-elf/4.1.2/../../../../nios2-elf/lib\libc.a(lib_a-ungetc.o)
 .data          0x0006aa58        0x0 c:/altera/13.0sp1/nios2eds/bin/gnu/h-i686-mingw32/bin/../lib/gcc/nios2-elf/4.1.2/../../../../nios2-elf/lib\libc.a(lib_a-callocr.o)
 .data          0x0006aa58        0x0 c:/altera/13.0sp1/nios2eds/bin/gnu/h-i686-mingw32/bin/../lib/gcc/nios2-elf/4.1.2/../../../../nios2-elf/lib\libc.a(lib_a-gdtoa-gethex.o)
 .data          0x0006aa58        0x0 c:/altera/13.0sp1/nios2eds/bin/gnu/h-i686-mingw32/bin/../lib/gcc/nios2-elf/4.1.2/../../../../nios2-elf/lib\libc.a(lib_a-gdtoa-hexnan.o)
 .data          0x0006aa58        0x0 c:/altera/13.0sp1/nios2eds/bin/gnu/h-i686-mingw32/bin/../lib/gcc/nios2-elf/4.1.2\libgcc.a(_fixunsdfsi.o)
 .data          0x0006aa58        0x0 c:/altera/13.0sp1/nios2eds/bin/gnu/h-i686-mingw32/bin/../lib/gcc/nios2-elf/4.1.2\libgcc.a(_udivdi3.o)
 .data          0x0006aa58        0x0 c:/altera/13.0sp1/nios2eds/bin/gnu/h-i686-mingw32/bin/../lib/gcc/nios2-elf/4.1.2\libgcc.a(_umoddi3.o)
 .data          0x0006aa58        0x0 c:/altera/13.0sp1/nios2eds/bin/gnu/h-i686-mingw32/bin/../lib/gcc/nios2-elf/4.1.2\libgcc.a(_ne_sf.o)
 .data          0x0006aa58        0x0 c:/altera/13.0sp1/nios2eds/bin/gnu/h-i686-mingw32/bin/../lib/gcc/nios2-elf/4.1.2\libgcc.a(_addsub_df.o)
 .data          0x0006aa58        0x0 c:/altera/13.0sp1/nios2eds/bin/gnu/h-i686-mingw32/bin/../lib/gcc/nios2-elf/4.1.2\libgcc.a(_div_df.o)
 .data          0x0006aa58        0x0 c:/altera/13.0sp1/nios2eds/bin/gnu/h-i686-mingw32/bin/../lib/gcc/nios2-elf/4.1.2\libgcc.a(_eq_df.o)
 .data          0x0006aa58        0x0 c:/altera/13.0sp1/nios2eds/bin/gnu/h-i686-mingw32/bin/../lib/gcc/nios2-elf/4.1.2\libgcc.a(_ne_df.o)
 .data          0x0006aa58        0x0 c:/altera/13.0sp1/nios2eds/bin/gnu/h-i686-mingw32/bin/../lib/gcc/nios2-elf/4.1.2\libgcc.a(_gt_df.o)
 .data          0x0006aa58        0x0 c:/altera/13.0sp1/nios2eds/bin/gnu/h-i686-mingw32/bin/../lib/gcc/nios2-elf/4.1.2\libgcc.a(_ge_df.o)
 .data          0x0006aa58        0x0 c:/altera/13.0sp1/nios2eds/bin/gnu/h-i686-mingw32/bin/../lib/gcc/nios2-elf/4.1.2\libgcc.a(_lt_df.o)
 .data          0x0006aa58        0x0 c:/altera/13.0sp1/nios2eds/bin/gnu/h-i686-mingw32/bin/../lib/gcc/nios2-elf/4.1.2\libgcc.a(_le_df.o)
 .data          0x0006aa58        0x0 c:/altera/13.0sp1/nios2eds/bin/gnu/h-i686-mingw32/bin/../lib/gcc/nios2-elf/4.1.2\libgcc.a(_si_to_df.o)
 .data          0x0006aa58        0x0 c:/altera/13.0sp1/nios2eds/bin/gnu/h-i686-mingw32/bin/../lib/gcc/nios2-elf/4.1.2\libgcc.a(_df_to_si.o)
 .data          0x0006aa58        0x0 c:/altera/13.0sp1/nios2eds/bin/gnu/h-i686-mingw32/bin/../lib/gcc/nios2-elf/4.1.2\libgcc.a(_fpcmp_parts_df.o)
 .data          0x0006aa58        0x0 ../trialwithsdddd_bsp/\libhal_bsp.a(alt_alarm_start.o)
 .data          0x0006aa58        0x0 ../trialwithsdddd_bsp/\libhal_bsp.a(alt_close.o)
 .data          0x0006aa58      0x1a8 ../trialwithsdddd_bsp/\libhal_bsp.a(alt_dev.o)
                0x0006aa58                alt_dev_null
                0x0006aa80                alt_fd_list
 .data          0x0006ac00        0x0 ../trialwithsdddd_bsp/\libhal_bsp.a(alt_env_lock.o)
 .data          0x0006ac00        0x0 ../trialwithsdddd_bsp/\libhal_bsp.a(alt_errno.o)
 .data          0x0006ac00        0x0 ../trialwithsdddd_bsp/\libhal_bsp.a(alt_exit.o)
 .data          0x0006ac00        0x0 ../trialwithsdddd_bsp/\libhal_bsp.a(alt_fstat.o)
 .data          0x0006ac00        0x0 ../trialwithsdddd_bsp/\libhal_bsp.a(alt_irq_register.o)
 .data          0x0006ac00        0x0 ../trialwithsdddd_bsp/\libhal_bsp.a(alt_irq_vars.o)
 .data          0x0006ac00        0x0 ../trialwithsdddd_bsp/\libhal_bsp.a(alt_isatty.o)
 .data          0x0006ac00        0x0 ../trialwithsdddd_bsp/\libhal_bsp.a(alt_lseek.o)
 .data          0x0006ac00        0x0 ../trialwithsdddd_bsp/\libhal_bsp.a(alt_main.o)
 .data          0x0006ac00        0x0 ../trialwithsdddd_bsp/\libhal_bsp.a(alt_malloc_lock.o)
 .data          0x0006ac00        0x0 ../trialwithsdddd_bsp/\libhal_bsp.a(alt_open.o)
 .data          0x0006ac00        0x0 ../trialwithsdddd_bsp/\libhal_bsp.a(alt_read.o)
 .data          0x0006ac00        0x0 ../trialwithsdddd_bsp/\libhal_bsp.a(alt_release_fd.o)
 .data          0x0006ac00        0x0 ../trialwithsdddd_bsp/\libhal_bsp.a(alt_remap_cached.o)
 .data          0x0006ac00        0x0 ../trialwithsdddd_bsp/\libhal_bsp.a(alt_remap_uncached.o)
 .data          0x0006ac00        0x0 ../trialwithsdddd_bsp/\libhal_bsp.a(alt_sbrk.o)
 .data          0x0006ac00        0x0 ../trialwithsdddd_bsp/\libhal_bsp.a(alt_tick.o)
 .data          0x0006ac00        0x0 ../trialwithsdddd_bsp/\libhal_bsp.a(alt_uncached_malloc.o)
 .data          0x0006ac00        0x0 ../trialwithsdddd_bsp/\libhal_bsp.a(alt_usleep.o)
 .data          0x0006ac00        0x0 ../trialwithsdddd_bsp/\libhal_bsp.a(alt_write.o)
 .data          0x0006ac00     0x1194 ../trialwithsdddd_bsp/\libhal_bsp.a(alt_sys_init.o)