Analysis & Synthesis report for DE2_115_LTM_Pic
Fri Apr 19 21:42:58 2024
Quartus II 64-Bit Version 13.0.1 Build 232 06/12/2013 Service Pack 1 SJ Web Edition


---------------------
; Table of Contents ;
---------------------
  1. Legal Notice
  2. Analysis & Synthesis Summary
  3. Analysis & Synthesis Settings
  4. Parallel Compilation
  5. Analysis & Synthesis Messages
  6. Analysis & Synthesis Suppressed Messages



----------------
; Legal Notice ;
----------------
Copyright (C) 1991-2013 Altera Corporation
Your use of Altera Corporation's design tools, logic functions 
and other software and tools, and its AMPP partner logic 
functions, and any output files from any of the foregoing 
(including device programming or simulation files), and any 
associated documentation or information are expressly subject 
to the terms and conditions of the Altera Program License 
Subscription Agreement, Altera MegaCore Function License 
Agreement, or other applicable license agreement, including, 
without limitation, that your use is for the sole purpose of 
programming logic devices manufactured by Altera and sold by 
Altera or its authorized distributors.  Please refer to the 
applicable agreement for further details.



+--------------------------------------------------------------------------------------+
; Analysis & Synthesis Summary                                                         ;
+------------------------------------+-------------------------------------------------+
; Analysis & Synthesis Status        ; Failed - Fri Apr 19 21:42:58 2024               ;
; Quartus II 64-Bit Version          ; 13.0.1 Build 232 06/12/2013 SP 1 SJ Web Edition ;
; Revision Name                      ; DE2_115_LTM_Pic                                 ;
; Top-level Entity Name              ; DE2_115_LTM_Pic                                 ;
; Family                             ; Cyclone IV E                                    ;
; Total logic elements               ; N/A until Partition Merge                       ;
;     Total combinational functions  ; N/A until Partition Merge                       ;
;     Dedicated logic registers      ; N/A until Partition Merge                       ;
; Total registers                    ; N/A until Partition Merge                       ;
; Total pins                         ; N/A until Partition Merge                       ;
; Total virtual pins                 ; N/A until Partition Merge                       ;
; Total memory bits                  ; N/A until Partition Merge                       ;
; Embedded Multiplier 9-bit elements ; N/A until Partition Merge                       ;
; Total PLLs                         ; N/A until Partition Merge                       ;
+------------------------------------+-------------------------------------------------+


+----------------------------------------------------------------------------------------------------------------------+
; Analysis & Synthesis Settings                                                                                        ;
+----------------------------------------------------------------------------+--------------------+--------------------+
; Option                                                                     ; Setting            ; Default Value      ;
+----------------------------------------------------------------------------+--------------------+--------------------+
; Device                                                                     ; EP4CE115F29C8      ;                    ;
; Top-level entity name                                                      ; DE2_115_LTM_Pic    ; DE2_115_LTM_Pic    ;
; Family name                                                                ; Cyclone IV E       ; Stratix II         ;
; Use smart compilation                                                      ; On                 ; Off                ;
; Maximum processors allowed for parallel compilation                        ; 2                  ;                    ;
; Enable parallel Assembler and TimeQuest Timing Analyzer during compilation ; On                 ; On                 ;
; Enable compact report table                                                ; Off                ; Off                ;
; Restructure Multiplexers                                                   ; Auto               ; Auto               ;
; Create Debugging Nodes for IP Cores                                        ; Off                ; Off                ;
; Preserve fewer node names                                                  ; On                 ; On                 ;
; Disable OpenCore Plus hardware evaluation                                  ; Off                ; Off                ;
; Verilog Version                                                            ; Verilog_2001       ; Verilog_2001       ;
; VHDL Version                                                               ; VHDL_1993          ; VHDL_1993          ;
; State Machine Processing                                                   ; Auto               ; Auto               ;
; Safe State Machine                                                         ; Off                ; Off                ;
; Extract Verilog State Machines                                             ; On                 ; On                 ;
; Extract VHDL State Machines                                                ; On                 ; On                 ;
; Ignore Verilog initial constructs                                          ; Off                ; Off                ;
; Iteration limit for constant Verilog loops                                 ; 5000               ; 5000               ;
; Iteration limit for non-constant Verilog loops                             ; 250                ; 250                ;
; Add Pass-Through Logic to Inferred RAMs                                    ; On                 ; On                 ;
; Infer RAMs from Raw Logic                                                  ; On                 ; On                 ;
; Parallel Synthesis                                                         ; On                 ; On                 ;
; DSP Block Balancing                                                        ; Auto               ; Auto               ;
; NOT Gate Push-Back                                                         ; On                 ; On                 ;
; Power-Up Don't Care                                                        ; On                 ; On                 ;
; Remove Redundant Logic Cells                                               ; Off                ; Off                ;
; Remove Duplicate Registers                                                 ; On                 ; On                 ;
; Ignore CARRY Buffers                                                       ; Off                ; Off                ;
; Ignore CASCADE Buffers                                                     ; Off                ; Off                ;
; Ignore GLOBAL Buffers                                                      ; Off                ; Off                ;
; Ignore ROW GLOBAL Buffers                                                  ; Off                ; Off                ;
; Ignore LCELL Buffers                                                       ; Off                ; Off                ;
; Ignore SOFT Buffers                                                        ; On                 ; On                 ;
; Limit AHDL Integers to 32 Bits                                             ; Off                ; Off                ;
; Optimization Technique                                                     ; Balanced           ; Balanced           ;
; Carry Chain Length                                                         ; 70                 ; 70                 ;
; Auto Carry Chains                                                          ; On                 ; On                 ;
; Auto Open-Drain Pins                                                       ; On                 ; On                 ;
; Perform WYSIWYG Primitive Resynthesis                                      ; Off                ; Off                ;
; Auto ROM Replacement                                                       ; On                 ; On                 ;
; Auto RAM Replacement                                                       ; On                 ; On                 ;
; Auto DSP Block Replacement                                                 ; On                 ; On                 ;
; Auto Shift Register Replacement                                            ; Auto               ; Auto               ;
; Allow Shift Register Merging across Hierarchies                            ; Auto               ; Auto               ;
; Auto Clock Enable Replacement                                              ; On                 ; On                 ;
; Strict RAM Replacement                                                     ; Off                ; Off                ;
; Allow Synchronous Control Signals                                          ; On                 ; On                 ;
; Force Use of Synchronous Clear Signals                                     ; Off                ; Off                ;
; Auto RAM Block Balancing                                                   ; On                 ; On                 ;
; Auto RAM to Logic Cell Conversion                                          ; Off                ; Off                ;
; Auto Resource Sharing                                                      ; Off                ; Off                ;
; Allow Any RAM Size For Recognition                                         ; Off                ; Off                ;
; Allow Any ROM Size For Recognition                                         ; Off                ; Off                ;
; Allow Any Shift Register Size For Recognition                              ; Off                ; Off                ;
; Use LogicLock Constraints during Resource Balancing                        ; On                 ; On                 ;
; Ignore translate_off and synthesis_off directives                          ; Off                ; Off                ;
; Timing-Driven Synthesis                                                    ; On                 ; On                 ;
; Report Parameter Settings                                                  ; On                 ; On                 ;
; Report Source Assignments                                                  ; On                 ; On                 ;
; Report Connectivity Checks                                                 ; On                 ; On                 ;
; Ignore Maximum Fan-Out Assignments                                         ; Off                ; Off                ;
; Synchronization Register Chain Length                                      ; 2                  ; 2                  ;
; PowerPlay Power Optimization                                               ; Normal compilation ; Normal compilation ;
; HDL message level                                                          ; Level2             ; Level2             ;
; Suppress Register Optimization Related Messages                            ; Off                ; Off                ;
; Number of Removed Registers Reported in Synthesis Report                   ; 5000               ; 5000               ;
; Number of Swept Nodes Reported in Synthesis Report                         ; 5000               ; 5000               ;
; Number of Inverted Registers Reported in Synthesis Report                  ; 100                ; 100                ;
; Clock MUX Protection                                                       ; On                 ; On                 ;
; Auto Gated Clock Conversion                                                ; Off                ; Off                ;
; Block Design Naming                                                        ; Auto               ; Auto               ;
; SDC constraint protection                                                  ; Off                ; Off                ;
; Synthesis Effort                                                           ; Auto               ; Auto               ;
; Shift Register Replacement - Allow Asynchronous Clear Signal               ; On                 ; On                 ;
; Pre-Mapping Resynthesis Optimization                                       ; Off                ; Off                ;
; Analysis & Synthesis Message Level                                         ; Medium             ; Medium             ;
; Disable Register Merging Across Hierarchies                                ; Auto               ; Auto               ;
; Resource Aware Inference For Block RAM                                     ; On                 ; On                 ;
; Synthesis Seed                                                             ; 1                  ; 1                  ;
+----------------------------------------------------------------------------+--------------------+--------------------+


Parallel compilation was disabled, but you have multiple processors available. Enable parallel compilation to reduce compilation time.
+-------------------------------------+
; Parallel Compilation                ;
+----------------------------+--------+
; Processors                 ; Number ;
+----------------------------+--------+
; Number detected on machine ; 4      ;
; Maximum allowed            ; 1      ;
+----------------------------+--------+


+-------------------------------+
; Analysis & Synthesis Messages ;
+-------------------------------+
Info: *******************************************************************
Info: Running Quartus II 64-Bit Analysis & Synthesis
    Info: Version 13.0.1 Build 232 06/12/2013 Service Pack 1 SJ Web Edition
    Info: Processing started: Fri Apr 19 21:42:57 2024
Info: Command: quartus_map --read_settings_files=on --write_settings_files=off DE2_115_LTM_Pic -c DE2_115_LTM_Pic
Warning (20028): Parallel compilation is not licensed and has been disabled
Info (12021): Found 1 design units, including 1 entities, in source file de2_115_ltm_pic.v
    Info (12023): Found entity 1: DE2_115_LTM_Pic
Info (12021): Found 1 design units, including 1 entities, in source file sysid.v
    Info (12023): Found entity 1: sysid
Info (12021): Found 2 design units, including 2 entities, in source file sdram.v
    Info (12023): Found entity 1: sdram_input_efifo_module
    Info (12023): Found entity 2: sdram
Info (12021): Found 7 design units, including 7 entities, in source file jtag_uart.v
    Info (12023): Found entity 1: jtag_uart_log_module
    Info (12023): Found entity 2: jtag_uart_sim_scfifo_w
    Info (12023): Found entity 3: jtag_uart_scfifo_w
    Info (12023): Found entity 4: jtag_uart_drom_module
    Info (12023): Found entity 5: jtag_uart_sim_scfifo_r
    Info (12023): Found entity 6: jtag_uart_scfifo_r
    Info (12023): Found entity 7: jtag_uart
Info (12021): Found 1 design units, including 1 entities, in source file cpu_jtag_debug_module_sysclk.v
    Info (12023): Found entity 1: cpu_jtag_debug_module_sysclk
Info (12021): Found 1 design units, including 1 entities, in source file cpu_jtag_debug_module_tck.v
    Info (12023): Found entity 1: cpu_jtag_debug_module_tck
Info (12021): Found 1 design units, including 1 entities, in source file cpu_jtag_debug_module_wrapper.v
    Info (12023): Found entity 1: cpu_jtag_debug_module_wrapper
Info (12021): Found 1 design units, including 1 entities, in source file cpu_oci_test_bench.v
    Info (12023): Found entity 1: cpu_oci_test_bench
Info (12021): Found 1 design units, including 1 entities, in source file cpu_mult_cell.v
    Info (12023): Found entity 1: cpu_mult_cell
Info (12021): Found 1 design units, including 1 entities, in source file cpu_test_bench.v
    Info (12023): Found entity 1: cpu_test_bench
Info (12127): Elaborating entity "DE2_115_LTM_Pic" for the top level hierarchy
Warning (10036): Verilog HDL or VHDL warning at DE2_115_LTM_Pic.v(625): object "action" assigned a value but never read
Warning (10034): Output port "LEDG" at DE2_115_LTM_Pic.v(256) has no driver
Warning (10034): Output port "LEDR" at DE2_115_LTM_Pic.v(257) has no driver
Warning (10034): Output port "HEX0_D" at DE2_115_LTM_Pic.v(266) has no driver
Warning (10034): Output port "HEX1_D" at DE2_115_LTM_Pic.v(267) has no driver
Warning (10034): Output port "HEX2_D" at DE2_115_LTM_Pic.v(268) has no driver
Warning (10034): Output port "HEX3_D" at DE2_115_LTM_Pic.v(269) has no driver
Warning (10034): Output port "HEX4_D" at DE2_115_LTM_Pic.v(270) has no driver
Warning (10034): Output port "HEX5_D" at DE2_115_LTM_Pic.v(271) has no driver
Warning (10034): Output port "HEX6_D" at DE2_115_LTM_Pic.v(272) has no driver
Warning (10034): Output port "HEX7_D" at DE2_115_LTM_Pic.v(273) has no driver
Warning (10034): Output port "VGA_B" at DE2_115_LTM_Pic.v(302) has no driver
Warning (10034): Output port "VGA_G" at DE2_115_LTM_Pic.v(305) has no driver
Warning (10034): Output port "VGA_R" at DE2_115_LTM_Pic.v(307) has no driver
Warning (10034): Output port "OTG_A" at DE2_115_LTM_Pic.v(373) has no driver
Warning (10034): Output port "SMA_CLKOUT" at DE2_115_LTM_Pic.v(253) has no driver
Warning (10034): Output port "LCD_EN" at DE2_115_LTM_Pic.v(278) has no driver
Warning (10034): Output port "LCD_RS" at DE2_115_LTM_Pic.v(280) has no driver
Warning (10034): Output port "LCD_RW" at DE2_115_LTM_Pic.v(281) has no driver
Warning (10034): Output port "UART_CTS" at DE2_115_LTM_Pic.v(284) has no driver
Warning (10034): Output port "UART_TXD" at DE2_115_LTM_Pic.v(287) has no driver
Warning (10034): Output port "VGA_CLK" at DE2_115_LTM_Pic.v(304) has no driver
Warning (10034): Output port "VGA_HS" at DE2_115_LTM_Pic.v(306) has no driver
Warning (10034): Output port "VGA_VS" at DE2_115_LTM_Pic.v(309) has no driver
Warning (10034): Output port "AUD_DACDAT" at DE2_115_LTM_Pic.v(315) has no driver
Warning (10034): Output port "AUD_XCK" at DE2_115_LTM_Pic.v(317) has no driver
Warning (10034): Output port "EEP_I2C_SCL" at DE2_115_LTM_Pic.v(320) has no driver
Warning (10034): Output port "I2C_SCL" at DE2_115_LTM_Pic.v(324) has no driver
Warning (10034): Output port "OTG_CS_n" at DE2_115_LTM_Pic.v(374) has no driver
Warning (10034): Output port "OTG_WE_n" at DE2_115_LTM_Pic.v(375) has no driver
Warning (10034): Output port "OTG_OE_n" at DE2_115_LTM_Pic.v(376) has no driver
Warning (10034): Output port "OTG_RESET_n" at DE2_115_LTM_Pic.v(378) has no driver
Warning (10665): Bidirectional port "PS2_KBDAT" at DE2_115_LTM_Pic.v(291) has a one-way connection to bidirectional port "PS2_KBCLK"
Warning (10665): Bidirectional port "PS2_MSDAT" at DE2_115_LTM_Pic.v(293) has a one-way connection to bidirectional port "PS2_MSCLK"
Error (12006): Node instance "nios_simple_ins" instantiates undefined entity "nios_simple" File: C:/Users/HEMA/Desktop/HARDGAME/versuchwithsdddnewwwwww/DE2_115_LTM_Pic/DE2_115_LTM_Pic.v Line: 550
Info (144001): Generated suppressed messages file C:/Users/HEMA/Desktop/HARDGAME/versuchwithsdddnewwwwww/DE2_115_LTM_Pic/DE2_115_LTM_Pic.map.smsg
Error: Quartus II 64-Bit Analysis & Synthesis was unsuccessful. 1 error, 35 warnings
    Error: Peak virtual memory: 4562 megabytes
    Error: Processing ended: Fri Apr 19 21:42:58 2024
    Error: Elapsed time: 00:00:01
    Error: Total CPU time (on all processors): 00:00:01


+------------------------------------------+
; Analysis & Synthesis Suppressed Messages ;
+------------------------------------------+
The suppressed messages can be found in C:/Users/HEMA/Desktop/HARDGAME/versuchwithsdddnewwwwww/DE2_115_LTM_Pic/DE2_115_LTM_Pic.map.smsg.


